Archive member included to satisfy reference by file (symbol)

../GUI/Lib\libSTemWin.a(TEXT.o)
                              ./Core/Src/PersonelGecisDLG.o (TEXT_CreateIndirect)
../GUI/Lib\libSTemWin.a(FRAMEWIN.o)
                              ./Core/Src/PersonelGecisDLG.o (FRAMEWIN_CreateIndirect)
../GUI/Lib\libSTemWin.a(DIALOG.o)
                              ./Core/Src/PersonelGecisDLG.o (GUI_CreateDialogBox)
../GUI/Lib\libSTemWin.a(WM__Private.o)
                              ../GUI/Lib\libSTemWin.a(FRAMEWIN.o) (WM__IsAncestor)
../GUI/Lib\libSTemWin.a(WM_UserData.o)
                              ../GUI/Lib\libSTemWin.a(TEXT.o) (WM__GetUserDataEx)
../GUI/Lib\libSTemWin.a(WM_SetTrans.o)
                              ../GUI/Lib\libSTemWin.a(TEXT.o) (WM_SetHasTrans)
../GUI/Lib\libSTemWin.a(WM_SetFocusOnPrevChild.o)
                              ../GUI/Lib\libSTemWin.a(FRAMEWIN.o) (WM_SetFocusOnPrevChild)
../GUI/Lib\libSTemWin.a(WM_SetFocusOnNextChild.o)
                              ../GUI/Lib\libSTemWin.a(FRAMEWIN.o) (WM_SetFocusOnNextChild)
../GUI/Lib\libSTemWin.a(WM_SetCaptureMove.o)
                              ../GUI/Lib\libSTemWin.a(FRAMEWIN.o) (WM_SetCaptureMove)
../GUI/Lib\libSTemWin.a(WM_SetCapture.o)
                              ../GUI/Lib\libSTemWin.a(WM_SetCaptureMove.o) (WM_SetCapture)
../GUI/Lib\libSTemWin.a(WM_Move.o)
                              ../GUI/Lib\libSTemWin.a(FRAMEWIN.o) (WM_MoveWindow)
../GUI/Lib\libSTemWin.a(WM_MemDev.o)
                              ../GUI/Lib\libSTemWin.a(FRAMEWIN.o) (WM_DisableMemdev)
../GUI/Lib\libSTemWin.a(WM_Lib.o)
                              ../GUI/Lib\libSTemWin.a(TEXT.o) (WM_GetClientRectEx)
../GUI/Lib\libSTemWin.a(WM_Hide.o)
                              ../GUI/Lib\libSTemWin.a(FRAMEWIN.o) (WM_HideWindow)
../GUI/Lib\libSTemWin.a(WM_GetWindowSize.o)
                              ../GUI/Lib\libSTemWin.a(FRAMEWIN.o) (WM__GetWindowSizeX)
../GUI/Lib\libSTemWin.a(WM_BringToTop.o)
                              ../GUI/Lib\libSTemWin.a(FRAMEWIN.o) (WM_BringToTop)
../GUI/Lib\libSTemWin.a(WM.o)
                              ../GUI/Lib\libSTemWin.a(WM__Private.o) (WM__ahWinFocus)
../GUI/Lib\libSTemWin.a(GUIDEV_StaticDevices.o)
                              ../GUI/Lib\libSTemWin.a(WM.o) (GUI_MEMDEV_Paint1Static)
../GUI/Lib\libSTemWin.a(GUIDEV_SetOrg.o)
                              ../GUI/Lib\libSTemWin.a(GUIDEV_StaticDevices.o) (GUI_MEMDEV_SetOrg)
../GUI/Lib\libSTemWin.a(GUIDEV_GetYSize.o)
                              ../GUI/Lib\libSTemWin.a(GUIDEV_StaticDevices.o) (GUI_MEMDEV_GetYSize)
../GUI/Lib\libSTemWin.a(GUIDEV_GetXSize.o)
                              ../GUI/Lib\libSTemWin.a(GUIDEV_StaticDevices.o) (GUI_MEMDEV_GetXSize)
../GUI/Lib\libSTemWin.a(GUIDEV_GetPos.o)
                              ../GUI/Lib\libSTemWin.a(GUIDEV_StaticDevices.o) (GUI_MEMDEV_GetXPos)
../GUI/Lib\libSTemWin.a(GUIDEV_GetDataPtr.o)
                              ../GUI/Lib\libSTemWin.a(GUIDEV_StaticDevices.o) (GUI_MEMDEV_GetDataPtr)
../GUI/Lib\libSTemWin.a(GUIDEV_CreateFixed.o)
                              ../GUI/Lib\libSTemWin.a(GUIDEV_StaticDevices.o) (GUI_MEMDEV_CreateFixed)
../GUI/Lib\libSTemWin.a(GUIDEV_Banding.o)
                              ../GUI/Lib\libSTemWin.a(WM.o) (GUI_MEMDEV_Draw)
../GUI/Lib\libSTemWin.a(GUIDEV_32.o)
                              ../GUI/Lib\libSTemWin.a(GUIDEV_StaticDevices.o) (GUI_MEMDEV_DEVICE_32)
../GUI/Lib\libSTemWin.a(GUIDEV.o)
                              ../GUI/Lib\libSTemWin.a(GUIDEV_StaticDevices.o) (GUI_MEMDEV__CreateFixed)
../GUI/Lib\libSTemWin.a(F6x8.o)
                              ./Core/Src/GUIConf.o (GUI_Font6x8)
../GUI/Lib\libSTemWin.a(F13_1.o)
                              ../GUI/Lib\libSTemWin.a(TEXT.o) (GUI_Font13_1)
../GUI/Lib\libSTemWin.a(GUIDRV_FlexColor_Func66709.o)
                              ./Core/Src/LCDConf_FlexColor.o (GUIDRV_FlexColor_SetFunc66709)
../GUI/Lib\libSTemWin.a(GUIDRV_FlexColor_16bpp_C0B8.o)
                              ./Core/Src/LCDConf_FlexColor.o (GUIDRV_FlexColor_SetMode16bppC0B8)
../GUI/Lib\libSTemWin.a(GUIDRV_FlexColor.o)
                              ../GUI/Lib\libSTemWin.a(GUIDRV_FlexColor_16bpp_C0B8.o) (GUIDRV_FlexColor__SetPixelIndexNoCache)
../GUI/Lib\libSTemWin.a(LCD_UpdateColorIndices.o)
                              ../GUI/Lib\libSTemWin.a(GUIDEV.o) (LCD_UpdateColorIndices)
../GUI/Lib\libSTemWin.a(LCD_SetClipRectEx.o)
                              ../GUI/Lib\libSTemWin.a(WM.o) (LCD_SetClipRectEx)
../GUI/Lib\libSTemWin.a(LCD_Set.o)
                              ./Core/Src/LCDConf_FlexColor.o (LCD_SetVSizeEx)
../GUI/Lib\libSTemWin.a(LCD_Mirror.o)
                              ../GUI/Lib\libSTemWin.a(GUIDEV_32.o) (LCD_aMirror)
../GUI/Lib\libSTemWin.a(LCD_GetEx.o)
                              ../GUI/Lib\libSTemWin.a(GUIDEV_Banding.o) (LCD_GetXSizeEx)
../GUI/Lib\libSTemWin.a(LCD.o)
[...]
Memory Configuration

Name             Origin             Length             Attributes
CCMRAM           0x0000000010000000 0x0000000000010000 xrw
RAM              0x0000000020000000 0x0000000000020000 xrw
FLASH            0x0000000008000000 0x0000000000100000 xr
*default*        0x0000000000000000 0xffffffffffffffff

Linker script and memory map

LOAD c:/st/stm32cubeide_1.12.0/stm32cubeide/plugins/com.st.stm32cube.ide.mcu.externaltools.gnu-tools-for-stm32.10.3-2021.10.win32_1.0.200.202301161003/tools/bin/../lib/gcc/arm-none-eabi/10.3.1/thumb/v7e-m+fp/hard/crti.o
LOAD c:/st/stm32cubeide_1.12.0/stm32cubeide/plugins/com.st.stm32cube.ide.mcu.externaltools.gnu-tools-for-stm32.10.3-2021.10.win32_1.0.200.202301161003/tools/bin/../lib/gcc/arm-none-eabi/10.3.1/thumb/v7e-m+fp/hard/crtbegin.o
LOAD c:/st/stm32cubeide_1.12.0/stm32cubeide/plugins/com.st.stm32cube.ide.mcu.externaltools.gnu-tools-for-stm32.10.3-2021.10.win32_1.0.200.202301161003/tools/bin/../lib/gcc/arm-none-eabi/10.3.1/../../../../arm-none-eabi/lib/thumb/v7e-m+fp/hard/crt0.o
LOAD ./Core/Src/GUIConf.o
LOAD ./Core/Src/GUI_X.o
LOAD ./Core/Src/LCDConf_FlexColor.o
LOAD ./Core/Src/PersonelGecisDLG.o
LOAD ./Core/Src/fatfs_sd.o
LOAD ./Core/Src/main.o
LOAD ./Core/Src/rc522.o
LOAD ./Core/Src/stm32f4xx_hal_msp.o
LOAD ./Core/Src/stm32f4xx_hal_timebase_tim.o
LOAD ./Core/Src/stm32f4xx_it.o
LOAD ./Core/Src/system_stm32f4xx.o
LOAD ./Core/Startup/startup_stm32f407vgtx.o
LOAD ./Drivers/STM32F4xx_HAL_Driver/Src/stm32f4xx_hal.o
LOAD ./Drivers/STM32F4xx_HAL_Driver/Src/stm32f4xx_hal_cortex.o
LOAD ./Drivers/STM32F4xx_HAL_Driver/Src/stm32f4xx_hal_crc.o
LOAD ./Drivers/STM32F4xx_HAL_Driver/Src/stm32f4xx_hal_dma.o
LOAD ./Drivers/STM32F4xx_HAL_Driver/Src/stm32f4xx_hal_dma_ex.o
LOAD ./Drivers/STM32F4xx_HAL_Driver/Src/stm32f4xx_hal_exti.o
LOAD ./Drivers/STM32F4xx_HAL_Driver/Src/stm32f4xx_hal_flash.o
LOAD ./Drivers/STM32F4xx_HAL_Driver/Src/stm32f4xx_hal_flash_ex.o
LOAD ./Drivers/STM32F4xx_HAL_Driver/Src/stm32f4xx_hal_flash_ramfunc.o
LOAD ./Drivers/STM32F4xx_HAL_Driver/Src/stm32f4xx_hal_gpio.o
LOAD ./Drivers/STM32F4xx_HAL_Driver/Src/stm32f4xx_hal_pwr.o
LOAD ./Drivers/STM32F4xx_HAL_Driver/Src/stm32f4xx_hal_pwr_ex.o
LOAD ./Drivers/STM32F4xx_HAL_Driver/Src/stm32f4xx_hal_rcc.o
LOAD ./Drivers/STM32F4xx_HAL_Driver/Src/stm32f4xx_hal_rcc_ex.o
LOAD ./Drivers/STM32F4xx_HAL_Driver/Src/stm32f4xx_hal_spi.o
LOAD ./Drivers/STM32F4xx_HAL_Driver/Src/stm32f4xx_hal_tim.o
LOAD ./Drivers/STM32F4xx_HAL_Driver/Src/stm32f4xx_hal_tim_ex.o
LOAD ./FATFS/App/fatfs.o
LOAD ./FATFS/Target/user_diskio.o
LOAD ./Middlewares/Third_Party/FatFs/src/diskio.o
LOAD ./Middlewares/Third_Party/FatFs/src/ff.o
LOAD ./Middlewares/Third_Party/FatFs/src/ff_gen_drv.o
LOAD ./Middlewares/Third_Party/FatFs/src/option/ccsbcs.o
LOAD ./Middlewares/Third_Party/FatFs/src/option/syscall.o
LOAD ../GUI/Lib\libSTemWin.a
START GROUP
LOAD c:/st/stm32cubeide_1.12.0/stm32cubeide/plugins/com.st.stm32cube.ide.mcu.externaltools.gnu-tools-for-stm32.10.3-2021.10.win32_1.0.200.202301161003/tools/bin/../lib/gcc/arm-none-eabi/10.3.1/../../../../arm-none-eabi/lib/thumb/v7e-m+fp/hard\libc_nano.a
LOAD c:/st/stm32cubeide_1.12.0/stm32cubeide/plugins/com.st.stm32cube.ide.mcu.externaltools.gnu-tools-for-stm32.10.3-2021.10.win32_1.0.200.202301161003/tools/bin/../lib/gcc/arm-none-eabi/10.3.1/../../../../arm-none-eabi/lib/thumb/v7e-m+fp/hard\libm.a
END GROUP
START GROUP
LOAD c:/st/stm32cubeide_1.12.0/stm32cubeide/plugins/com.st.stm32cube.ide.mcu.externaltools.gnu-tools-for-stm32.10.3-2021.10.win32_1.0.200.202301161003/tools/bin/../lib/gcc/arm-none-eabi/10.3.1/thumb/v7e-m+fp/hard\libgcc.a
LOAD c:/st/stm32cubeide_1.12.0/stm32cubeide/plugins/com.st.stm32cube.ide.mcu.externaltools.gnu-tools-for-stm32.10.3-2021.10.win32_1.0.200.202301161003/tools/bin/../lib/gcc/arm-none-eabi/10.3.1/../../../../arm-none-eabi/lib/thumb/v7e-m+fp/hard\libc_nano.a
END GROUP
START GROUP
LOAD c:/st/stm32cubeide_1.12.0/stm32cubeide/plugins/com.st.stm32cube.ide.mcu.externaltools.gnu-tools-for-stm32.10.3-2021.10.win32_1.0.200.202301161003/tools/bin/../lib/gcc/arm-none-eabi/10.3.1/thumb/v7e-m+fp/hard\libgcc.a
LOAD c:/st/stm32cubeide_1.12.0/stm32cubeide/plugins/com.st.stm32cube.ide.mcu.externaltools.gnu-tools-for-stm32.10.3-2021.10.win32_1.0.200.202301161003/tools/bin/../lib/gcc/arm-none-eabi/10.3.1/../../../../arm-none-eabi/lib/thumb/v7e-m+fp/hard\libc_nano.a
LOAD c:/st/stm32cubeide_1.12.0/stm32cubeide/plugins/com.st.stm32cube.ide.mcu.externaltools.gnu-tools-for-stm32.10.3-2021.10.win32_1.0.200.202301161003/tools/bin/../lib/gcc/arm-none-eabi/10.3.1/../../../../arm-none-eabi/lib/thumb/v7e-m+fp/hard\libnosys.a
END GROUP
START GROUP
LOAD c:/st/stm32cubeide_1.12.0/stm32cubeide/plugins/com.st.stm32cube.ide.mcu.externaltools.gnu-tools-for-stm32.10.3-2021.10.win32_1.0.200.202301161003/tools/bin/../lib/gcc/arm-none-eabi/10.3.1/thumb/v7e-m+fp/hard\libgcc.a
LOAD c:/st/stm32cubeide_1.12.0/stm32cubeide/plugins/com.st.stm32cube.ide.mcu.externaltools.gnu-tools-for-stm32.10.3-2021.10.win32_1.0.200.202301161003/tools/bin/../lib/gcc/arm-none-eabi/10.3.1/../../../../arm-none-eabi/lib/thumb/v7e-m+fp/hard\libc_nano.a
LOAD c:/st/stm32cubeide_1.12.0/stm32cubeide/plugins/com.st.stm32cube.ide.mcu.externaltools.gnu-tools-for-stm32.10.3-2021.10.win32_1.0.200.202301161003/tools/bin/../lib/gcc/arm-none-eabi/10.3.1/../../../../arm-none-eabi/lib/thumb/v7e-m+fp/hard\libnosys.a
END GROUP
LOAD c:/st/stm32cubeide_1.12.0/stm32cubeide/plugins/com.st.stm32cube.ide.mcu.externaltools.gnu-tools-for-stm32.10.3-2021.10.win32_1.0.200.202301161003/tools/bin/../lib/gcc/arm-none-eabi/10.3.1/thumb/v7e-m+fp/hard/crtend.o
LOAD c:/st/stm32cubeide_1.12.0/stm32cubeide/plugins/com.st.stm32cube.ide.mcu.externaltools.gnu-tools-for-stm32.10.3-2021.10.win32_1.0.200.202301161003/tools/bin/../lib/gcc/arm-none-eabi/10.3.1/thumb/v7e-m+fp/hard/crtn.o
                0x0000000020020000                _estack = (ORIGIN (RAM) + LENGTH (RAM))
                0x0000000000001000                _Min_Heap_Size = 0x1000
                0x0000000000001000                _Min_Stack_Size = 0x1000

.isr_vector     0x0000000008000000      0x188
                0x0000000008000000                . = ALIGN (0x4)
 *(.isr_vector)
 .isr_vector    0x0000000008000000      0x188 ./Core/Startup/startup_stm32f407vgtx.o
                0x0000000008000000                g_pfnVectors
                0x0000000008000188                . = ALIGN (0x4)

.text           0x0000000008000190    0x138b8
                0x0000000008000190                . = ALIGN (0x4)
 *(.text)
 .text          0x0000000008000190       0x40 c:/st/stm32cubeide_1.12.0/stm32cubeide/plugins/com.st.stm32cube.ide.mcu.externaltools.gnu-tools-for-stm32.10.3-2021.10.win32_1.0.200.202301161003/tools/bin/../lib/gcc/arm-none-eabi/10.3.1/thumb/v7e-m+fp/hard/crtbegin.o
 .text          0x00000000080001d0       0x10 c:/st/stm32cubeide_1.12.0/stm32cubeide/plugins/com.st.stm32cube.ide.mcu.externaltools.gnu-tools-for-stm32.10.3-2021.10.win32_1.0.200.202301161003/tools/bin/../lib/gcc/arm-none-eabi/10.3.1/../../../../arm-none-eabi/lib/thumb/v7e-m+fp/hard\libc_nano.a(lib_a-strlen.o)
                0x00000000080001d0                strlen
 .text          0x00000000080001e0       0xa0 c:/st/stm32cubeide_1.12.0/stm32cubeide/plugins/com.st.stm32cube.ide.mcu.externaltools.gnu-tools-for-stm32.10.3-2021.10.win32_1.0.200.202301161003/tools/bin/../lib/gcc/arm-none-eabi/10.3.1/../../../../arm-none-eabi/lib/thumb/v7e-m+fp/hard\libc_nano.a(lib_a-memchr.o)
                0x00000000080001e0                memchr
 .text          0x0000000008000280       0x30 c:/st/stm32cubeide_1.12.0/stm32cubeide/plugins/com.st.stm32cube.ide.mcu.externaltools.gnu-tools-for-stm32.10.3-2021.10.win32_1.0.200.202301161003/tools/bin/../lib/gcc/arm-none-eabi/10.3.1/thumb/v7e-m+fp/hard\libgcc.a(_aeabi_uldivmod.o)
                0x0000000008000280                __aeabi_uldivmod
 .text          0x00000000080002b0      0x2d0 c:/st/stm32cubeide_1.12.0/stm32cubeide/plugins/com.st.stm32cube.ide.mcu.externaltools.gnu-tools-for-stm32.10.3-2021.10.win32_1.0.200.202301161003/tools/bin/../lib/gcc/arm-none-eabi/10.3.1/thumb/v7e-m+fp/hard\libgcc.a(_udivmoddi4.o)
                0x00000000080002b0                __udivmoddi4
 .text          0x0000000008000580        0x4 c:/st/stm32cubeide_1.12.0/stm32cubeide/plugins/com.st.stm32cube.ide.mcu.externaltools.gnu-tools-for-stm32.10.3-2021.10.win32_1.0.200.202301161003/tools/bin/../lib/gcc/arm-none-eabi/10.3.1/thumb/v7e-m+fp/hard\libgcc.a(_dvmd_tls.o)
                0x0000000008000580                __aeabi_idiv0
                0x0000000008000580                __aeabi_ldiv0
 *(.text*)
 .text.GUI_X_Config
                0x0000000008000584       0x20 ./Core/Src/GUIConf.o
                0x0000000008000584                GUI_X_Config
 .text.GUI_X_Init
                0x00000000080005a4        0xe ./Core/Src/GUI_X.o
                0x00000000080005a4                GUI_X_Init
 *fill*         0x00000000080005b2        0x2 
 .text.LcdWriteReg
                0x00000000080005b4       0x44 ./Core/Src/LCDConf_FlexColor.o
 .text.LcdReadReg
                0x00000000080005f8       0x10 ./Core/Src/LCDConf_FlexColor.o
 .text.LcdWriteData
                0x0000000008000608       0x44 ./Core/Src/LCDConf_FlexColor.o
 .text.LcdWriteDataMultiple
                0x000000000800064c       0x4c ./Core/Src/LCDConf_FlexColor.o
 .text.LcdReadDataMultiple
                0x0000000008000698       0x24 ./Core/Src/LCDConf_FlexColor.o
 .text.LcdInit  0x00000000080006bc      0x278 ./Core/Src/LCDConf_FlexColor.o
                0x00000000080006bc                LcdInit
 .text.LCD_X_Config
                0x0000000008000934       0xa4 ./Core/Src/LCDConf_FlexColor.o
                0x0000000008000934                LCD_X_Config
 .text.LCD_X_DisplayDriver
                0x00000000080009d8       0x2a ./Core/Src/LCDConf_FlexColor.o
                0x00000000080009d8                LCD_X_DisplayDriver
 .text._cbDialog
                0x0000000008000a02       0x18 ./Core/Src/PersonelGecisDLG.o
 *fill*         0x0000000008000a1a        0x2 
 .text.CreatePersonelGecis
                0x0000000008000a1c       0x34 ./Core/Src/PersonelGecisDLG.o
                0x0000000008000a1c                CreatePersonelGecis
 .text.RFID_Card_Check_ID
                0x0000000008000a50       0x40 ./Core/Src/PersonelGecisDLG.o
                0x0000000008000a50                RFID_Card_Check_ID
 .text.CheckDataBase
                0x0000000008000a90      0x168 ./Core/Src/PersonelGecisDLG.o
                0x0000000008000a90                CheckDataBase
 .text._GetData
                0x0000000008000bf8       0x38 ./Core/Src/PersonelGecisDLG.o
 .text.RFID_Reader
                0x0000000008000c30      0x104 ./Core/Src/PersonelGecisDLG.o
                0x0000000008000c30                RFID_Reader
 .text.SELECT   0x0000000008000d34       0x20 ./Core/Src/fatfs_sd.o
 .text.DESELECT
                0x0000000008000d54       0x20 ./Core/Src/fatfs_sd.o
 .text.SPI_TxByte
                0x0000000008000d74       0x34 ./Core/Src/fatfs_sd.o
 .text.SPI_TxBuffer
                0x0000000008000da8       0x34 ./Core/Src/fatfs_sd.o
 .text.SPI_RxByte
                0x0000000008000ddc       0x38 ./Core/Src/fatfs_sd.o
 .text.SPI_RxBytePtr
                0x0000000008000e14       0x1c ./Core/Src/fatfs_sd.o
 .text.SD_ReadyWait
                0x0000000008000e30       0x34 ./Core/Src/fatfs_sd.o
 .text.SD_PowerOn
                0x0000000008000e64       0x84 ./Core/Src/fatfs_sd.o
 .text.SD_PowerOff
                0x0000000008000ee8       0x18 ./Core/Src/fatfs_sd.o
 .text.SD_CheckPower
                0x0000000008000f00       0x18 ./Core/Src/fatfs_sd.o
 .text.SD_RxDataBlock
                0x0000000008000f18       0x5c ./Core/Src/fatfs_sd.o
 .text.SD_TxDataBlock
                0x0000000008000f74       0x86 ./Core/Src/fatfs_sd.o
 .text.SD_SendCmd
                0x0000000008000ffa       0xa8 ./Core/Src/fatfs_sd.o
 *fill*         0x00000000080010a2        0x2 
 .text.SD_disk_initialize
                0x00000000080010a4      0x1cc ./Core/Src/fatfs_sd.o
                0x00000000080010a4                SD_disk_initialize
 .text.SD_disk_status
                0x0000000008001270       0x2c ./Core/Src/fatfs_sd.o
                0x0000000008001270                SD_disk_status
 .text.SD_disk_read
                0x000000000800129c       0xd4 ./Core/Src/fatfs_sd.o
                0x000000000800129c                SD_disk_read
 .text.SD_disk_write
                0x0000000008001370      0x108 ./Core/Src/fatfs_sd.o
                0x0000000008001370                SD_disk_write
 .text.SD_disk_ioctl
                0x0000000008001478      0x258 ./Core/Src/fatfs_sd.o
                0x0000000008001478                SD_disk_ioctl
 .text.main     0x00000000080016d0       0x32 ./Core/Src/main.o
                0x00000000080016d0                main
 *fill*         0x0000000008001702        0x2 
 .text.SystemClock_Config
                0x0000000008001704       0xd4 ./Core/Src/main.o
                0x0000000008001704                SystemClock_Config
 .text.MX_CRC_Init
                0x00000000080017d8       0x28 ./Core/Src/main.o
 .text.MX_SPI1_Init
                0x0000000008001800       0x6c ./Core/Src/main.o
 .text.MX_SPI2_Init
                0x000000000800186c       0x6c ./Core/Src/main.o
 .text.MX_SPI3_Init
                0x00000000080018d8       0x6c ./Core/Src/main.o
 .text.MX_GPIO_Init
                0x0000000008001944      0x134 ./Core/Src/main.o
 .text.HAL_TIM_PeriodElapsedCallback
                0x0000000008001a78       0x24 ./Core/Src/main.o
                0x0000000008001a78                HAL_TIM_PeriodElapsedCallback
 .text.Error_Handler
                0x0000000008001a9c        0xa ./Core/Src/main.o
                0x0000000008001a9c                Error_Handler
 *fill*         0x0000000008001aa6        0x2 
 .text.SPI1SendByte
                0x0000000008001aa8       0x30 ./Core/Src/rc522.o
                0x0000000008001aa8                SPI1SendByte
 .text.SPI1_WriteReg
                0x0000000008001ad8       0x40 ./Core/Src/rc522.o
                0x0000000008001ad8                SPI1_WriteReg
 .text.SPI1_ReadReg
                0x0000000008001b18       0x40 ./Core/Src/rc522.o
                0x0000000008001b18                SPI1_ReadReg
 .text.MFRC522_WriteRegister
                0x0000000008001b58       0x30 ./Core/Src/rc522.o
                0x0000000008001b58                MFRC522_WriteRegister
 .text.MFRC522_ReadRegister
                0x0000000008001b88       0x34 ./Core/Src/rc522.o
                0x0000000008001b88                MFRC522_ReadRegister
 .text.MFRC522_Check
                0x0000000008001bbc       0x32 ./Core/Src/rc522.o
                0x0000000008001bbc                MFRC522_Check
 .text.MFRC522_SetBitMask
                0x0000000008001bee       0x34 ./Core/Src/rc522.o
                0x0000000008001bee                MFRC522_SetBitMask
 .text.MFRC522_ClearBitMask
                0x0000000008001c22       0x3c ./Core/Src/rc522.o
                0x0000000008001c22                MFRC522_ClearBitMask
 .text.MFRC522_Request
                0x0000000008001c5e       0x4a ./Core/Src/rc522.o
                0x0000000008001c5e                MFRC522_Request
 .text.MFRC522_ToCard
                0x0000000008001ca8      0x19e ./Core/Src/rc522.o
                0x0000000008001ca8                MFRC522_ToCard
 .text.MFRC522_Anticoll
                0x0000000008001e46       0x7a ./Core/Src/rc522.o
                0x0000000008001e46                MFRC522_Anticoll
 .text.MFRC522_CalculateCRC
                0x0000000008001ec0       0x92 ./Core/Src/rc522.o
                0x0000000008001ec0                MFRC522_CalculateCRC
 .text.MFRC522_Init
                0x0000000008001f52       0x48 ./Core/Src/rc522.o
                0x0000000008001f52                MFRC522_Init
 .text.MFRC522_Reset
                0x0000000008001f9a       0x10 ./Core/Src/rc522.o
                0x0000000008001f9a                MFRC522_Reset
 .text.MFRC522_AntennaOn
                0x0000000008001faa       0x2a ./Core/Src/rc522.o
                0x0000000008001faa                MFRC522_AntennaOn
 .text.MFRC522_Halt
                0x0000000008001fd4       0x36 ./Core/Src/rc522.o
                0x0000000008001fd4                MFRC522_Halt
 *fill*         0x000000000800200a        0x2 
 .text.HAL_MspInit
                0x000000000800200c       0x50 ./Core/Src/stm32f4xx_hal_msp.o
                0x000000000800200c                HAL_MspInit
 .text.HAL_CRC_MspInit
                0x000000000800205c       0x44 ./Core/Src/stm32f4xx_hal_msp.o
                0x000000000800205c                HAL_CRC_MspInit
 .text.HAL_SPI_MspInit
                0x00000000080020a0      0x16c ./Core/Src/stm32f4xx_hal_msp.o
                0x00000000080020a0                HAL_SPI_MspInit
 .text.HAL_InitTick
                0x000000000800220c       0xe8 ./Core/Src/stm32f4xx_hal_timebase_tim.o
                0x000000000800220c                HAL_InitTick
 .text.NMI_Handler
                0x00000000080022f4        0x6 ./Core/Src/stm32f4xx_it.o
                0x00000000080022f4                NMI_Handler
 .text.HardFault_Handler
                0x00000000080022fa        0x6 ./Core/Src/stm32f4xx_it.o
                0x00000000080022fa                HardFault_Handler
 .text.MemManage_Handler
                0x0000000008002300        0x6 ./Core/Src/stm32f4xx_it.o
                0x0000000008002300                MemManage_Handler
 .text.BusFault_Handler
                0x0000000008002306        0x6 ./Core/Src/stm32f4xx_it.o
                0x0000000008002306                BusFault_Handler
 .text.UsageFault_Handler
                0x000000000800230c        0x6 ./Core/Src/stm32f4xx_it.o
                0x000000000800230c                UsageFault_Handler
 .text.SVC_Handler
                0x0000000008002312        0xe ./Core/Src/stm32f4xx_it.o
                0x0000000008002312                SVC_Handler
 .text.DebugMon_Handler
                0x0000000008002320        0xe ./Core/Src/stm32f4xx_it.o
                0x0000000008002320                DebugMon_Handler
 .text.PendSV_Handler
                0x000000000800232e        0xe ./Core/Src/stm32f4xx_it.o
                0x000000000800232e                PendSV_Handler
 .text.SysTick_Handler
                0x000000000800233c        0xe ./Core/Src/stm32f4xx_it.o
                0x000000000800233c                SysTick_Handler
 *fill*         0x000000000800234a        0x2 
 .text.TIM1_UP_TIM10_IRQHandler
                0x000000000800234c       0x14 ./Core/Src/stm32f4xx_it.o
                0x000000000800234c                TIM1_UP_TIM10_IRQHandler
 .text.SystemInit
                0x0000000008002360       0x2c ./Core/Src/system_stm32f4xx.o
                0x0000000008002360                SystemInit
 .text.Reset_Handler
                0x000000000800238c       0x50 ./Core/Startup/startup_stm32f407vgtx.o
                0x000000000800238c                Reset_Handler
 .text.Default_Handler
                0x00000000080023dc        0x2 ./Core/Startup/startup_stm32f407vgtx.o
                0x00000000080023dc                RTC_Alarm_IRQHandler
                0x00000000080023dc                HASH_RNG_IRQHandler
                0x00000000080023dc                EXTI2_IRQHandler
                0x00000000080023dc                TIM8_CC_IRQHandler
                0x00000000080023dc                TIM1_CC_IRQHandler
                0x00000000080023dc                DMA2_Stream5_IRQHandler
                0x00000000080023dc                DMA1_Stream5_IRQHandler
                0x00000000080023dc                PVD_IRQHandler
                0x00000000080023dc                SDIO_IRQHandler
                0x00000000080023dc                TAMP_STAMP_IRQHandler
                0x00000000080023dc                CAN2_RX1_IRQHandler
                0x00000000080023dc                EXTI3_IRQHandler
                0x00000000080023dc                TIM8_TRG_COM_TIM14_IRQHandler
                0x00000000080023dc                TIM8_UP_TIM13_IRQHandler
                0x00000000080023dc                I2C3_ER_IRQHandler
                0x00000000080023dc                EXTI0_IRQHandler
                0x00000000080023dc                I2C2_EV_IRQHandler
                0x00000000080023dc                DMA1_Stream2_IRQHandler
                0x00000000080023dc                CAN1_RX0_IRQHandler
                0x00000000080023dc                FPU_IRQHandler
                0x00000000080023dc                OTG_HS_WKUP_IRQHandler
                0x00000000080023dc                CAN2_SCE_IRQHandler
                0x00000000080023dc                DMA2_Stream2_IRQHandler
                0x00000000080023dc                SPI1_IRQHandler
                0x00000000080023dc                TIM6_DAC_IRQHandler
                0x00000000080023dc                TIM1_BRK_TIM9_IRQHandler
                0x00000000080023dc                DCMI_IRQHandler
                0x00000000080023dc                CAN2_RX0_IRQHandler
                0x00000000080023dc                DMA2_Stream3_IRQHandler
                0x00000000080023dc                USART6_IRQHandler
                0x00000000080023dc                USART3_IRQHandler
                0x00000000080023dc                CAN1_RX1_IRQHandler
                0x00000000080023dc                UART5_IRQHandler
                0x00000000080023dc                DMA2_Stream0_IRQHandler
                0x00000000080023dc                TIM4_IRQHandler
                0x00000000080023dc                I2C1_EV_IRQHandler
                0x00000000080023dc                DMA1_Stream6_IRQHandler
                0x00000000080023dc                DMA1_Stream1_IRQHandler
                0x00000000080023dc                UART4_IRQHandler
                0x00000000080023dc                TIM3_IRQHandler
                0x00000000080023dc                RCC_IRQHandler
                0x00000000080023dc                TIM8_BRK_TIM12_IRQHandler
                0x00000000080023dc                Default_Handler
                0x00000000080023dc                EXTI15_10_IRQHandler
                0x00000000080023dc                ADC_IRQHandler
                0x00000000080023dc                DMA1_Stream7_IRQHandler
                0x00000000080023dc                TIM7_IRQHandler
                0x00000000080023dc                CAN2_TX_IRQHandler
                0x00000000080023dc                TIM5_IRQHandler
                0x00000000080023dc                DMA2_Stream7_IRQHandler
                0x00000000080023dc                I2C3_EV_IRQHandler
                0x00000000080023dc                EXTI9_5_IRQHandler
                0x00000000080023dc                RTC_WKUP_IRQHandler
                0x00000000080023dc                ETH_WKUP_IRQHandler
                0x00000000080023dc                SPI2_IRQHandler
                0x00000000080023dc                OTG_HS_EP1_IN_IRQHandler
                0x00000000080023dc                DMA1_Stream0_IRQHandler
                0x00000000080023dc                CAN1_TX_IRQHandler
                0x00000000080023dc                EXTI4_IRQHandler
                0x00000000080023dc                FSMC_IRQHandler
                0x00000000080023dc                ETH_IRQHandler
                0x00000000080023dc                OTG_HS_EP1_OUT_IRQHandler
                0x00000000080023dc                WWDG_IRQHandler
                0x00000000080023dc                TIM2_IRQHandler
                0x00000000080023dc                OTG_FS_WKUP_IRQHandler
                0x00000000080023dc                TIM1_TRG_COM_TIM11_IRQHandler
                0x00000000080023dc                OTG_HS_IRQHandler
                0x00000000080023dc                EXTI1_IRQHandler
                0x00000000080023dc                USART2_IRQHandler
                0x00000000080023dc                I2C2_ER_IRQHandler
                0x00000000080023dc                DMA2_Stream1_IRQHandler
                0x00000000080023dc                CAN1_SCE_IRQHandler
                0x00000000080023dc                FLASH_IRQHandler
                0x00000000080023dc                DMA2_Stream4_IRQHandler
                0x00000000080023dc                USART1_IRQHandler
                0x00000000080023dc                OTG_FS_IRQHandler
                0x00000000080023dc                SPI3_IRQHandler
                0x00000000080023dc                DMA1_Stream4_IRQHandler
                0x00000000080023dc                I2C1_ER_IRQHandler
                0x00000000080023dc                DMA2_Stream6_IRQHandler
                0x00000000080023dc                DMA1_Stream3_IRQHandler
 *fill*         0x00000000080023de        0x2 
 .text.HAL_Init
                0x00000000080023e0       0x44 ./Drivers/STM32F4xx_HAL_Driver/Src/stm32f4xx_hal.o
                0x00000000080023e0                HAL_Init
 .text.HAL_IncTick
                0x0000000008002424       0x28 ./Drivers/STM32F4xx_HAL_Driver/Src/stm32f4xx_hal.o
                0x0000000008002424                HAL_IncTick
 .text.HAL_GetTick
                0x000000000800244c       0x18 ./Drivers/STM32F4xx_HAL_Driver/Src/stm32f4xx_hal.o
                0x000000000800244c                HAL_GetTick
 .text.HAL_Delay
                0x0000000008002464       0x48 ./Drivers/STM32F4xx_HAL_Driver/Src/stm32f4xx_hal.o
                0x0000000008002464                HAL_Delay
 .text.__NVIC_SetPriorityGrouping
                0x00000000080024ac       0x48 ./Drivers/STM32F4xx_HAL_Driver/Src/stm32f4xx_hal_cortex.o
 .text.__NVIC_GetPriorityGrouping
                0x00000000080024f4       0x1c ./Drivers/STM32F4xx_HAL_Driver/Src/stm32f4xx_hal_cortex.o
 .text.__NVIC_EnableIRQ
                0x0000000008002510       0x3c ./Drivers/STM32F4xx_HAL_Driver/Src/stm32f4xx_hal_cortex.o
 .text.__NVIC_SetPriority
                0x000000000800254c       0x54 ./Drivers/STM32F4xx_HAL_Driver/Src/stm32f4xx_hal_cortex.o
 .text.NVIC_EncodePriority
                0x00000000080025a0       0x66 ./Drivers/STM32F4xx_HAL_Driver/Src/stm32f4xx_hal_cortex.o
 .text.HAL_NVIC_SetPriorityGrouping
                0x0000000008002606       0x16 ./Drivers/STM32F4xx_HAL_Driver/Src/stm32f4xx_hal_cortex.o
                0x0000000008002606                HAL_NVIC_SetPriorityGrouping
 .text.HAL_NVIC_SetPriority
                0x000000000800261c       0x38 ./Drivers/STM32F4xx_HAL_Driver/Src/stm32f4xx_hal_cortex.o
                0x000000000800261c                HAL_NVIC_SetPriority
 .text.HAL_NVIC_EnableIRQ
                0x0000000008002654       0x1c ./Drivers/STM32F4xx_HAL_Driver/Src/stm32f4xx_hal_cortex.o
                0x0000000008002654                HAL_NVIC_EnableIRQ
 .text.HAL_CRC_Init
                0x0000000008002670       0x38 ./Drivers/STM32F4xx_HAL_Driver/Src/stm32f4xx_hal_crc.o
                0x0000000008002670                HAL_CRC_Init
 .text.HAL_GPIO_Init
                0x00000000080026a8      0x338 ./Drivers/STM32F4xx_HAL_Driver/Src/stm32f4xx_hal_gpio.o
                0x00000000080026a8                HAL_GPIO_Init
 .text.HAL_GPIO_WritePin
                0x00000000080029e0       0x32 ./Drivers/STM32F4xx_HAL_Driver/Src/stm32f4xx_hal_gpio.o
                0x00000000080029e0                HAL_GPIO_WritePin
 *fill*         0x0000000008002a12        0x2 
 .text.HAL_RCC_OscConfig
                0x0000000008002a14      0x4f0 ./Drivers/STM32F4xx_HAL_Driver/Src/stm32f4xx_hal_rcc.o
                0x0000000008002a14                HAL_RCC_OscConfig
 .text.HAL_RCC_ClockConfig
                0x0000000008002f04      0x1cc ./Drivers/STM32F4xx_HAL_Driver/Src/stm32f4xx_hal_rcc.o
                0x0000000008002f04                HAL_RCC_ClockConfig
 .text.HAL_RCC_GetSysClockFreq
                0x00000000080030d0      0x20c ./Drivers/STM32F4xx_HAL_Driver/Src/stm32f4xx_hal_rcc.o
                0x00000000080030d0                HAL_RCC_GetSysClockFreq
 .text.HAL_RCC_GetHCLKFreq
                0x00000000080032dc       0x18 ./Drivers/STM32F4xx_HAL_Driver/Src/stm32f4xx_hal_rcc.o
                0x00000000080032dc                HAL_RCC_GetHCLKFreq
 .text.HAL_RCC_GetPCLK2Freq
                0x00000000080032f4       0x28 ./Drivers/STM32F4xx_HAL_Driver/Src/stm32f4xx_hal_rcc.o
                0x00000000080032f4                HAL_RCC_GetPCLK2Freq
 .text.HAL_RCC_GetClockConfig
                0x000000000800331c       0x64 ./Drivers/STM32F4xx_HAL_Driver/Src/stm32f4xx_hal_rcc.o
                0x000000000800331c                HAL_RCC_GetClockConfig
 .text.HAL_SPI_Init
                0x0000000008003380      0x112 ./Drivers/STM32F4xx_HAL_Driver/Src/stm32f4xx_hal_spi.o
                0x0000000008003380                HAL_SPI_Init
 .text.HAL_SPI_Transmit
                0x0000000008003492      0x278 ./Drivers/STM32F4xx_HAL_Driver/Src/stm32f4xx_hal_spi.o
                0x0000000008003492                HAL_SPI_Transmit
 .text.HAL_SPI_TransmitReceive
                0x000000000800370a      0x344 ./Drivers/STM32F4xx_HAL_Driver/Src/stm32f4xx_hal_spi.o
                0x000000000800370a                HAL_SPI_TransmitReceive
 *fill*         0x0000000008003a4e        0x2 
 .text.SPI_WaitFlagStateUntilTimeout
                0x0000000008003a50      0x110 ./Drivers/STM32F4xx_HAL_Driver/Src/stm32f4xx_hal_spi.o
 .text.SPI_EndRxTxTransaction
                0x0000000008003b60       0x84 ./Drivers/STM32F4xx_HAL_Driver/Src/stm32f4xx_hal_spi.o
 .text.HAL_TIM_Base_Init
                0x0000000008003be4       0x9e ./Drivers/STM32F4xx_HAL_Driver/Src/stm32f4xx_hal_tim.o
                0x0000000008003be4                HAL_TIM_Base_Init
 .text.HAL_TIM_Base_MspInit
                0x0000000008003c82       0x14 ./Drivers/STM32F4xx_HAL_Driver/Src/stm32f4xx_hal_tim.o
                0x0000000008003c82                HAL_TIM_Base_MspInit
 *fill*         0x0000000008003c96        0x2 
 .text.HAL_TIM_Base_Start_IT
                0x0000000008003c98       0xe0 ./Drivers/STM32F4xx_HAL_Driver/Src/stm32f4xx_hal_tim.o
                0x0000000008003c98                HAL_TIM_Base_Start_IT
 .text.HAL_TIM_IRQHandler
                0x0000000008003d78      0x210 ./Drivers/STM32F4xx_HAL_Driver/Src/stm32f4xx_hal_tim.o
                0x0000000008003d78                HAL_TIM_IRQHandler
 .text.HAL_TIM_OC_DelayElapsedCallback
                0x0000000008003f88       0x14 ./Drivers/STM32F4xx_HAL_Driver/Src/stm32f4xx_hal_tim.o
                0x0000000008003f88                HAL_TIM_OC_DelayElapsedCallback
 .text.HAL_TIM_IC_CaptureCallback
                0x0000000008003f9c       0x14 ./Drivers/STM32F4xx_HAL_Driver/Src/stm32f4xx_hal_tim.o
                0x0000000008003f9c                HAL_TIM_IC_CaptureCallback
 .text.HAL_TIM_PWM_PulseFinishedCallback
                0x0000000008003fb0       0x14 ./Drivers/STM32F4xx_HAL_Driver/Src/stm32f4xx_hal_tim.o
                0x0000000008003fb0                HAL_TIM_PWM_PulseFinishedCallback
 .text.HAL_TIM_TriggerCallback
                0x0000000008003fc4       0x14 ./Drivers/STM32F4xx_HAL_Driver/Src/stm32f4xx_hal_tim.o
                0x0000000008003fc4                HAL_TIM_TriggerCallback
 .text.TIM_Base_SetConfig
                0x0000000008003fd8      0x140 ./Drivers/STM32F4xx_HAL_Driver/Src/stm32f4xx_hal_tim.o
                0x0000000008003fd8                TIM_Base_SetConfig
 .text.HAL_TIMEx_CommutCallback
                0x0000000008004118       0x14 ./Drivers/STM32F4xx_HAL_Driver/Src/stm32f4xx_hal_tim_ex.o
                0x0000000008004118                HAL_TIMEx_CommutCallback
 .text.HAL_TIMEx_BreakCallback
                0x000000000800412c       0x14 ./Drivers/STM32F4xx_HAL_Driver/Src/stm32f4xx_hal_tim_ex.o
                0x000000000800412c                HAL_TIMEx_BreakCallback
 .text.MX_FATFS_Init
                0x0000000008004140       0x24 ./FATFS/App/fatfs.o
                0x0000000008004140                MX_FATFS_Init
 .text.get_fattime
                0x0000000008004164       0x10 ./FATFS/App/fatfs.o
                0x0000000008004164                get_fattime
 .text.USER_initialize
                0x0000000008004174       0x1c ./FATFS/Target/user_diskio.o
                0x0000000008004174                USER_initialize
 .text.USER_status
                0x0000000008004190       0x1c ./FATFS/Target/user_diskio.o
                0x0000000008004190                USER_status
 .text.USER_read
                0x00000000080041ac       0x26 ./FATFS/Target/user_diskio.o
                0x00000000080041ac                USER_read
 .text.USER_write
                0x00000000080041d2       0x26 ./FATFS/Target/user_diskio.o
                0x00000000080041d2                USER_write
 .text.USER_ioctl
                0x00000000080041f8       0x26 ./FATFS/Target/user_diskio.o
                0x00000000080041f8                USER_ioctl
 *fill*         0x000000000800421e        0x2 
 .text.disk_status
                0x0000000008004220       0x34 ./Middlewares/Third_Party/FatFs/src/diskio.o
                0x0000000008004220                disk_status
 .text.disk_initialize
                0x0000000008004254       0x4c ./Middlewares/Third_Party/FatFs/src/diskio.o
                0x0000000008004254                disk_initialize
 .text.disk_read
                0x00000000080042a0       0x40 ./Middlewares/Third_Party/FatFs/src/diskio.o
                0x00000000080042a0                disk_read
 .text.disk_write
                0x00000000080042e0       0x40 ./Middlewares/Third_Party/FatFs/src/diskio.o
                0x00000000080042e0                disk_write
 .text.disk_ioctl
                0x0000000008004320       0x3c ./Middlewares/Third_Party/FatFs/src/diskio.o
                0x0000000008004320                disk_ioctl
 .text.ld_word  0x000000000800435c       0x30 ./Middlewares/Third_Party/FatFs/src/ff.o
 .text.ld_dword
                0x000000000800438c       0x46 ./Middlewares/Third_Party/FatFs/src/ff.o
 .text.st_word  0x00000000080043d2       0x36 ./Middlewares/Third_Party/FatFs/src/ff.o
 .text.st_dword
                0x0000000008004408       0x58 ./Middlewares/Third_Party/FatFs/src/ff.o
 .text.mem_cpy  0x0000000008004460       0x42 ./Middlewares/Third_Party/FatFs/src/ff.o
 .text.mem_set  0x00000000080044a2       0x36 ./Middlewares/Third_Party/FatFs/src/ff.o
 .text.mem_cmp  0x00000000080044d8       0x4e ./Middlewares/Third_Party/FatFs/src/ff.o
 .text.chk_chr  0x0000000008004526       0x36 ./Middlewares/Third_Party/FatFs/src/ff.o
 .text.chk_lock
                0x000000000800455c       0xb8 ./Middlewares/Third_Party/FatFs/src/ff.o
 .text.enq_lock
                0x0000000008004614       0x44 ./Middlewares/Third_Party/FatFs/src/ff.o
 .text.inc_lock
                0x0000000008004658      0x11c ./Middlewares/Third_Party/FatFs/src/ff.o
 .text.dec_lock
                0x0000000008004774       0x78 ./Middlewares/Third_Party/FatFs/src/ff.o
 .text.clear_lock
                0x00000000080047ec       0x48 ./Middlewares/Third_Party/FatFs/src/ff.o
 .text.sync_window
                0x0000000008004834       0x88 ./Middlewares/Third_Party/FatFs/src/ff.o
 .text.move_window
                0x00000000080048bc       0x5a ./Middlewares/Third_Party/FatFs/src/ff.o
 *fill*         0x0000000008004916        0x2 
 .text.sync_fs  0x0000000008004918       0xe0 ./Middlewares/Third_Party/FatFs/src/ff.o
 .text.clust2sect
                0x00000000080049f8       0x3e ./Middlewares/Third_Party/FatFs/src/ff.o
 .text.get_fat  0x0000000008004a36      0x1a8 ./Middlewares/Third_Party/FatFs/src/ff.o
 .text.put_fat  0x0000000008004bde      0x238 ./Middlewares/Third_Party/FatFs/src/ff.o
 .text.remove_chain
                0x0000000008004e16       0xca ./Middlewares/Third_Party/FatFs/src/ff.o
 .text.create_chain
                0x0000000008004ee0      0x130 ./Middlewares/Third_Party/FatFs/src/ff.o
 .text.clmt_clust
                0x0000000008005010       0x70 ./Middlewares/Third_Party/FatFs/src/ff.o
 .text.dir_sdi  0x0000000008005080      0x112 ./Middlewares/Third_Party/FatFs/src/ff.o
 .text.dir_next
                0x0000000008005192      0x1ac ./Middlewares/Third_Party/FatFs/src/ff.o
 .text.dir_alloc
                0x000000000800533e       0x8e ./Middlewares/Third_Party/FatFs/src/ff.o
 .text.ld_clust
                0x00000000080053cc       0x3e ./Middlewares/Third_Party/FatFs/src/ff.o
 .text.st_clust
                0x000000000800540a       0x40 ./Middlewares/Third_Party/FatFs/src/ff.o
 *fill*         0x000000000800544a        0x2 
 .text.cmp_lfn  0x000000000800544c       0xe0 ./Middlewares/Third_Party/FatFs/src/ff.o
 .text.put_lfn  0x000000000800552c       0xd0 ./Middlewares/Third_Party/FatFs/src/ff.o
 .text.gen_numname
                0x00000000080055fc      0x11c ./Middlewares/Third_Party/FatFs/src/ff.o
 .text.sum_sfn  0x0000000008005718       0x42 ./Middlewares/Third_Party/FatFs/src/ff.o
 .text.dir_find
                0x000000000800575a      0x180 ./Middlewares/Third_Party/FatFs/src/ff.o
 *fill*         0x00000000080058da        0x2 
 .text.dir_register
                0x00000000080058dc      0x1f0 ./Middlewares/Third_Party/FatFs/src/ff.o
 .text.create_name
                0x0000000008005acc      0x370 ./Middlewares/Third_Party/FatFs/src/ff.o
 .text.follow_path
                0x0000000008005e3c       0xec ./Middlewares/Third_Party/FatFs/src/ff.o
 .text.get_ldnumber
                0x0000000008005f28       0x88 ./Middlewares/Third_Party/FatFs/src/ff.o
 .text.check_fs
                0x0000000008005fb0       0xac ./Middlewares/Third_Party/FatFs/src/ff.o
 .text.find_volume
                0x000000000800605c      0x500 ./Middlewares/Third_Party/FatFs/src/ff.o
 .text.validate
                0x000000000800655c       0x6a ./Middlewares/Third_Party/FatFs/src/ff.o
 *fill*         0x00000000080065c6        0x2 
 .text.f_mount  0x00000000080065c8       0x8c ./Middlewares/Third_Party/FatFs/src/ff.o
                0x00000000080065c8                f_mount
 .text.f_open   0x0000000008006654      0x590 ./Middlewares/Third_Party/FatFs/src/ff.o
                0x0000000008006654                f_open
 .text.f_read   0x0000000008006be4      0x2be ./Middlewares/Third_Party/FatFs/src/ff.o
                0x0000000008006be4                f_read
 .text.f_sync   0x0000000008006ea2       0xfc ./Middlewares/Third_Party/FatFs/src/ff.o
                0x0000000008006ea2                f_sync
 .text.f_close  0x0000000008006f9e       0x54 ./Middlewares/Third_Party/FatFs/src/ff.o
                0x0000000008006f9e                f_close
 .text.f_lseek  0x0000000008006ff2      0x448 ./Middlewares/Third_Party/FatFs/src/ff.o
                0x0000000008006ff2                f_lseek
 *fill*         0x000000000800743a        0x2 
 .text.FATFS_LinkDriverEx
                0x000000000800743c       0x98 ./Middlewares/Third_Party/FatFs/src/ff_gen_drv.o
                0x000000000800743c                FATFS_LinkDriverEx
 .text.FATFS_LinkDriver
                0x00000000080074d4       0x1e ./Middlewares/Third_Party/FatFs/src/ff_gen_drv.o
                0x00000000080074d4                FATFS_LinkDriver
 *fill*         0x00000000080074f2        0x2 
 .text.ff_convert
                0x00000000080074f4       0x78 ./Middlewares/Third_Party/FatFs/src/option/ccsbcs.o
                0x00000000080074f4                ff_convert
 .text.ff_wtoupper
                0x000000000800756c      0x114 ./Middlewares/Third_Party/FatFs/src/option/ccsbcs.o
                0x000000000800756c                ff_wtoupper
 .text.TEXT_Callback
                0x0000000008007680       0xc6 ../GUI/Lib\libSTemWin.a(TEXT.o)
                0x0000000008007680                TEXT_Callback
 *fill*         0x0000000008007746        0x2 
 .text.TEXT_CreateUser
                0x0000000008007748       0x84 ../GUI/Lib\libSTemWin.a(TEXT.o)
                0x0000000008007748                TEXT_CreateUser
 .text.TEXT_CreateIndirect
                0x00000000080077cc       0x3e ../GUI/Lib\libSTemWin.a(TEXT.o)
                0x00000000080077cc                TEXT_CreateIndirect
 .text.TEXT_SetText
                0x000000000800780a       0x52 ../GUI/Lib\libSTemWin.a(TEXT.o)
                0x000000000800780a                TEXT_SetText
 .text.FRAMEWIN__GetBorderSize
                0x000000000800785c       0x44 ../GUI/Lib\libSTemWin.a(FRAMEWIN.o)
                0x000000000800785c                FRAMEWIN__GetBorderSize
 .text._SetActive
                0x00000000080078a0       0x38 ../GUI/Lib\libSTemWin.a(FRAMEWIN.o)
 .text.FRAMEWIN__cbClient
                0x00000000080078d8       0xe4 ../GUI/Lib\libSTemWin.a(FRAMEWIN.o)
 .text.FRAMEWIN__CalcTitleHeight
                0x00000000080079bc       0x1e ../GUI/Lib\libSTemWin.a(FRAMEWIN.o)
                0x00000000080079bc                FRAMEWIN__CalcTitleHeight
 .text.FRAMEWIN__GetTitleLimits
                0x00000000080079da       0x98 ../GUI/Lib\libSTemWin.a(FRAMEWIN.o)
                0x00000000080079da                FRAMEWIN__GetTitleLimits
 .text.FRAMEWIN__CalcPositions
                0x0000000008007a72       0xde ../GUI/Lib\libSTemWin.a(FRAMEWIN.o)
                0x0000000008007a72                FRAMEWIN__CalcPositions
 .text.FRAMEWIN_SetText
                0x0000000008007b50       0x3e ../GUI/Lib\libSTemWin.a(FRAMEWIN.o)
                0x0000000008007b50                FRAMEWIN_SetText
 *fill*         0x0000000008007b8e        0x2 
 .text.FRAMEWIN_CreateUser
                0x0000000008007b90       0xf4 ../GUI/Lib\libSTemWin.a(FRAMEWIN.o)
                0x0000000008007b90                FRAMEWIN_CreateUser
 .text.FRAMEWIN_CreateIndirect
                0x0000000008007c84       0x42 ../GUI/Lib\libSTemWin.a(FRAMEWIN.o)
                0x0000000008007c84                FRAMEWIN_CreateIndirect
 .text.FRAMEWIN_SetActive
                0x0000000008007cc6        0x8 ../GUI/Lib\libSTemWin.a(FRAMEWIN.o)
                0x0000000008007cc6                FRAMEWIN_SetActive
 .text.FRAMEWIN_Callback
                0x0000000008007cce      0x282 ../GUI/Lib\libSTemWin.a(FRAMEWIN.o)
                0x0000000008007cce                FRAMEWIN_Callback
 .text.FRAMEWIN_GetActive
                0x0000000008007f50       0x24 ../GUI/Lib\libSTemWin.a(FRAMEWIN.o)
                0x0000000008007f50                FRAMEWIN_GetActive
 .text.GUI_CreateDialogBox
                0x0000000008007f74       0xa4 ../GUI/Lib\libSTemWin.a(DIALOG.o)
                0x0000000008007f74                GUI_CreateDialogBox
 .text.WM__ForEachDesc
                0x0000000008008018       0x2a ../GUI/Lib\libSTemWin.a(WM__Private.o)
                0x0000000008008018                WM__ForEachDesc
 .text.WM__GetFirstSibling
                0x0000000008008042       0x12 ../GUI/Lib\libSTemWin.a(WM__Private.o)
                0x0000000008008042                WM__GetFirstSibling
 .text.WM__GetLastSibling
                0x0000000008008054       0x18 ../GUI/Lib\libSTemWin.a(WM__Private.o)
                0x0000000008008054                WM__GetLastSibling
 .text.WM__GetPrevSibling
                0x000000000800806c       0x26 ../GUI/Lib\libSTemWin.a(WM__Private.o)
                0x000000000800806c                WM__GetPrevSibling
 .text.WM__IsAncestor
                0x0000000008008092       0x22 ../GUI/Lib\libSTemWin.a(WM__Private.o)
                0x0000000008008092                WM__IsAncestor
 .text.WM__IsAncestorOrSelf
                0x00000000080080b4        0xc ../GUI/Lib\libSTemWin.a(WM__Private.o)
                0x00000000080080b4                WM__IsAncestorOrSelf
 .text.WM__IsChild
                0x00000000080080c0       0x28 ../GUI/Lib\libSTemWin.a(WM__Private.o)
                0x00000000080080c0                WM__IsChild
 .text.WM__GetFocusedChild
                0x00000000080080e8       0x24 ../GUI/Lib\libSTemWin.a(WM__Private.o)
                0x00000000080080e8                WM__GetFocusedChild
 .text.WM__SendMessage
                0x000000000800810c       0x3c ../GUI/Lib\libSTemWin.a(WM__Private.o)
                0x000000000800810c                WM__SendMessage
 .text.WM__SendMessageNoPara
                0x0000000008008148       0x28 ../GUI/Lib\libSTemWin.a(WM__Private.o)
                0x0000000008008148                WM__SendMessageNoPara
 .text.WM__UpdateChildPositions
                0x0000000008008170       0xf4 ../GUI/Lib\libSTemWin.a(WM__Private.o)
                0x0000000008008170                WM__UpdateChildPositions
 .text.WM__AddCriticalHandle
                0x0000000008008264       0x10 ../GUI/Lib\libSTemWin.a(WM__Private.o)
                0x0000000008008264                WM__AddCriticalHandle
 .text.WM__GetClientRectEx
                0x0000000008008274       0x22 ../GUI/Lib\libSTemWin.a(WM__Private.o)
                0x0000000008008274                WM__GetClientRectEx
 *fill*         0x0000000008008296        0x2 
 .text.WM_SetHasTrans
                0x0000000008008298       0x40 ../GUI/Lib\libSTemWin.a(WM_SetTrans.o)
                0x0000000008008298                WM_SetHasTrans
 .text.WM_GetHasTrans
                0x00000000080082d8       0x12 ../GUI/Lib\libSTemWin.a(WM_SetTrans.o)
                0x00000000080082d8                WM_GetHasTrans
 .text._GetPrevChild
                0x00000000080082ea       0x1e ../GUI/Lib\libSTemWin.a(WM_SetFocusOnPrevChild.o)
 .text.WM_SetFocusOnPrevChild
                0x0000000008008308       0x38 ../GUI/Lib\libSTemWin.a(WM_SetFocusOnPrevChild.o)
                0x0000000008008308                WM_SetFocusOnPrevChild
 .text._GetNextChild
                0x0000000008008340       0x26 ../GUI/Lib\libSTemWin.a(WM_SetFocusOnNextChild.o)
 *fill*         0x0000000008008366        0x2 
 .text.WM_SetFocusOnNextChild
                0x0000000008008368       0x5c ../GUI/Lib\libSTemWin.a(WM_SetFocusOnNextChild.o)
                0x0000000008008368                WM_SetFocusOnNextChild
 .text.WM_SetCaptureMove
                0x00000000080083c4       0x9c ../GUI/Lib\libSTemWin.a(WM_SetCaptureMove.o)
                0x00000000080083c4                WM_SetCaptureMove
 .text.WM__ReleaseCapture
                0x0000000008008460       0x34 ../GUI/Lib\libSTemWin.a(WM_SetCapture.o)
 .text.WM_SetCapture
                0x0000000008008494       0x34 ../GUI/Lib\libSTemWin.a(WM_SetCapture.o)
                0x0000000008008494                WM_SetCapture
 .text._MoveDescendents
                0x00000000080084c8       0x6c ../GUI/Lib\libSTemWin.a(WM_Move.o)
 .text.WM__MoveWindow
                0x0000000008008534       0xa8 ../GUI/Lib\libSTemWin.a(WM_Move.o)
                0x0000000008008534                WM__MoveWindow
 .text.WM_MoveWindow
                0x00000000080085dc        0x4 ../GUI/Lib\libSTemWin.a(WM_Move.o)
                0x00000000080085dc                WM_MoveWindow
 .text.WM_DisableMemdev
                0x00000000080085e0       0x16 ../GUI/Lib\libSTemWin.a(WM_MemDev.o)
                0x00000000080085e0                WM_DisableMemdev
 .text.WM_ForEachDesc
                0x00000000080085f6        0x4 ../GUI/Lib\libSTemWin.a(WM_Lib.o)
                0x00000000080085f6                WM_ForEachDesc
 *fill*         0x00000000080085fa        0x2 
 .text.WM_GetClientRect
                0x00000000080085fc       0x1c ../GUI/Lib\libSTemWin.a(WM_Lib.o)
                0x00000000080085fc                WM_GetClientRect
 .text.WM_GetClientWindow
                0x0000000008008618       0x1c ../GUI/Lib\libSTemWin.a(WM_Lib.o)
                0x0000000008008618                WM_GetClientWindow
 .text.WM_GetDesktopWindow
                0x0000000008008634       0x18 ../GUI/Lib\libSTemWin.a(WM_Lib.o)
                0x0000000008008634                WM_GetDesktopWindow
 .text.WM_GetFirstChild
                0x000000000800864c       0x10 ../GUI/Lib\libSTemWin.a(WM_Lib.o)
                0x000000000800864c                WM_GetFirstChild
 .text.WM_GetFocusedWindow
                0x000000000800865c       0x14 ../GUI/Lib\libSTemWin.a(WM_Lib.o)
                0x000000000800865c                WM_GetFocusedWindow
 .text.WM_GetId
                0x0000000008008670       0x20 ../GUI/Lib\libSTemWin.a(WM_Lib.o)
                0x0000000008008670                WM_GetId
 .text._GetDialogItem
                0x0000000008008690       0x44 ../GUI/Lib\libSTemWin.a(WM_Lib.o)
 .text.WM_GetDialogItem
                0x00000000080086d4       0x42 ../GUI/Lib\libSTemWin.a(WM_Lib.o)
                0x00000000080086d4                WM_GetDialogItem
 .text.WM_GetNextSibling
                0x0000000008008716       0x10 ../GUI/Lib\libSTemWin.a(WM_Lib.o)
                0x0000000008008716                WM_GetNextSibling
 .text.WM_GetWindowOrgX
                0x0000000008008726       0x10 ../GUI/Lib\libSTemWin.a(WM_Lib.o)
                0x0000000008008726                WM_GetWindowOrgX
 .text.WM_GetParent
                0x0000000008008736       0x10 ../GUI/Lib\libSTemWin.a(WM_Lib.o)
                0x0000000008008736                WM_GetParent
 .text.WM_BringToBottom
                0x0000000008008746       0x86 ../GUI/Lib\libSTemWin.a(WM_Lib.o)
                0x0000000008008746                WM_BringToBottom
 .text.WM_GetWindowRectEx
                0x00000000080087cc       0x16 ../GUI/Lib\libSTemWin.a(WM_Lib.o)
                0x00000000080087cc                WM_GetWindowRectEx
 *fill*         0x00000000080087e2        0x2 
 .text.WM_HasCaptured
                0x00000000080087e4       0x1c ../GUI/Lib\libSTemWin.a(WM_Lib.o)
                0x00000000080087e4                WM_HasCaptured
 .text.WM_HasFocus
                0x0000000008008800       0x1c ../GUI/Lib\libSTemWin.a(WM_Lib.o)
                0x0000000008008800                WM_HasFocus
 .text.WM_IsFocusable
                0x000000000800881c       0x32 ../GUI/Lib\libSTemWin.a(WM_Lib.o)
                0x000000000800881c                WM_IsFocusable
 .text.WM_IsWindow
                0x000000000800884e        0x4 ../GUI/Lib\libSTemWin.a(WM_Lib.o)
                0x000000000800884e                WM_IsWindow
 *fill*         0x0000000008008852        0x2 
 .text.WM_OnKey
                0x0000000008008854       0x34 ../GUI/Lib\libSTemWin.a(WM_Lib.o)
                0x0000000008008854                WM_OnKey
 .text.WM_ResizeWindow
                0x0000000008008888       0xf6 ../GUI/Lib\libSTemWin.a(WM_Lib.o)
                0x0000000008008888                WM_ResizeWindow
 .text.WM_SendMessageNoPara
                0x000000000800897e        0x4 ../GUI/Lib\libSTemWin.a(WM_Lib.o)
                0x000000000800897e                WM_SendMessageNoPara
 .text.WM_SendToParent
                0x0000000008008982       0x1c ../GUI/Lib\libSTemWin.a(WM_Lib.o)
                0x0000000008008982                WM_SendToParent
 .text.WM_NotifyParent
                0x000000000800899e       0x14 ../GUI/Lib\libSTemWin.a(WM_Lib.o)
                0x000000000800899e                WM_NotifyParent
 *fill*         0x00000000080089b2        0x2 
 .text.WM_SetFocus
                0x00000000080089b4       0x9c ../GUI/Lib\libSTemWin.a(WM_Lib.o)
                0x00000000080089b4                WM_SetFocus
 .text.WM_SetSize
                0x0000000008008a50       0x48 ../GUI/Lib\libSTemWin.a(WM_Lib.o)
                0x0000000008008a50                WM_SetSize
 .text.WM_SetUserClipRect
                0x0000000008008a98       0x18 ../GUI/Lib\libSTemWin.a(WM_Lib.o)
                0x0000000008008a98                WM_SetUserClipRect
 .text.WM_InvalidateWindowAndDescs
                0x0000000008008ab0       0x26 ../GUI/Lib\libSTemWin.a(WM_Lib.o)
                0x0000000008008ab0                WM_InvalidateWindowAndDescs
 .text.WM_ShowWindow
                0x0000000008008ad6       0x28 ../GUI/Lib\libSTemWin.a(WM_Lib.o)
                0x0000000008008ad6                WM_ShowWindow
 *fill*         0x0000000008008afe        0x2 
 .text.WM_ValidateWindow
                0x0000000008008b00       0x30 ../GUI/Lib\libSTemWin.a(WM_Lib.o)
                0x0000000008008b00                WM_ValidateWindow
 .text.WM__GetWindowSizeX
                0x0000000008008b30        0xe ../GUI/Lib\libSTemWin.a(WM_GetWindowSize.o)
                0x0000000008008b30                WM__GetWindowSizeX
 .text.WM__GetWindowSizeY
                0x0000000008008b3e        0xe ../GUI/Lib\libSTemWin.a(WM_GetWindowSize.o)
                0x0000000008008b3e                WM__GetWindowSizeY
 .text.WM_GetWindowSizeX
                0x0000000008008b4c       0x2a ../GUI/Lib\libSTemWin.a(WM_GetWindowSize.o)
                0x0000000008008b4c                WM_GetWindowSizeX
 .text.WM_GetWindowSizeY
                0x0000000008008b76       0x2a ../GUI/Lib\libSTemWin.a(WM_GetWindowSize.o)
                0x0000000008008b76                WM_GetWindowSizeY
 .text._cbInvalidateOne
                0x0000000008008ba0        0x4 ../GUI/Lib\libSTemWin.a(WM_BringToTop.o)
 .text.WM_BringToTop
                0x0000000008008ba4       0x78 ../GUI/Lib\libSTemWin.a(WM_BringToTop.o)
                0x0000000008008ba4                WM_BringToTop
 .text._OnExit  0x0000000008008c1c       0xac ../GUI/Lib\libSTemWin.a(WM.o)
 .text._Paint1  0x0000000008008cc8       0x24 ../GUI/Lib\libSTemWin.a(WM.o)
 .text._Findy1  0x0000000008008cec       0xac ../GUI/Lib\libSTemWin.a(WM.o)
 .text._Findx0  0x0000000008008d98       0x88 ../GUI/Lib\libSTemWin.a(WM.o)
 .text._Findx1  0x0000000008008e20       0x76 ../GUI/Lib\libSTemWin.a(WM.o)
 *fill*         0x0000000008008e96        0x2 
 .text._Paint1Trans
                0x0000000008008e98       0x94 ../GUI/Lib\libSTemWin.a(WM.o)
 .text._PaintTransChildren
                0x0000000008008f2c       0xb6 ../GUI/Lib\libSTemWin.a(WM.o)
 *fill*         0x0000000008008fe2        0x2 
 .text.WM__PaintWinAndOverlays
                0x0000000008008fe4       0x78 ../GUI/Lib\libSTemWin.a(WM.o)
 .text._cbPaintMemDev
                0x000000000800905c       0x68 ../GUI/Lib\libSTemWin.a(WM.o)
 .text.WM__ClipAtParentBorders
                0x00000000080090c4       0x5c ../GUI/Lib\libSTemWin.a(WM.o)
                0x00000000080090c4                WM__ClipAtParentBorders
 .text.WM__InsertWindowIntoList
                0x0000000008009120       0xa4 ../GUI/Lib\libSTemWin.a(WM.o)
                0x0000000008009120                WM__InsertWindowIntoList
 .text.WM__RemoveWindowFromList
                0x00000000080091c4       0x3c ../GUI/Lib\libSTemWin.a(WM.o)
                0x00000000080091c4                WM__RemoveWindowFromList
 .text.WM__Client2Screen
                0x0000000008009200       0x10 ../GUI/Lib\libSTemWin.a(WM.o)
                0x0000000008009200                WM__Client2Screen
 .text._SetClipRectUserIntersect
                0x0000000008009210       0x50 ../GUI/Lib\libSTemWin.a(WM.o)
 .text.WM__ActivateClipRect
                0x0000000008009260       0x48 ../GUI/Lib\libSTemWin.a(WM.o)
                0x0000000008009260                WM__ActivateClipRect
 .text.WM__IsWindow
                0x00000000080092a8       0x20 ../GUI/Lib\libSTemWin.a(WM.o)
                0x00000000080092a8                WM__IsWindow
 .text.WM__InvalidateDrawAndDescs
                0x00000000080092c8       0x50 ../GUI/Lib\libSTemWin.a(WM.o)
                0x00000000080092c8                WM__InvalidateDrawAndDescs
 .text.WM__RectIsNZ
                0x0000000008009318       0x22 ../GUI/Lib\libSTemWin.a(WM.o)
                0x0000000008009318                WM__RectIsNZ
 .text.WM_SendMessage
                0x000000000800933a        0x8 ../GUI/Lib\libSTemWin.a(WM.o)
                0x000000000800933a                WM_SendMessage
 .text.WM__SendMsgNoData
                0x0000000008009342       0x16 ../GUI/Lib\libSTemWin.a(WM.o)
                0x0000000008009342                WM__SendMsgNoData
 .text.WM__GetClientRectWin
                0x0000000008009358       0x18 ../GUI/Lib\libSTemWin.a(WM.o)
                0x0000000008009358                WM__GetClientRectWin
 .text.WM__GetTopLevelLayer
                0x0000000008009370       0x28 ../GUI/Lib\libSTemWin.a(WM.o)
                0x0000000008009370                WM__GetTopLevelLayer
 .text._Invalidate1Abs
                0x0000000008009398       0xa0 ../GUI/Lib\libSTemWin.a(WM.o)
 .text.WM__Invalidate1Abs
                0x0000000008009438        0x6 ../GUI/Lib\libSTemWin.a(WM.o)
                0x0000000008009438                WM__Invalidate1Abs
 .text.WM_InvalidateWindowAndDescsEx
                0x000000000800943e       0x64 ../GUI/Lib\libSTemWin.a(WM.o)
                0x000000000800943e                WM_InvalidateWindowAndDescsEx
 .text.WM__InvalidateRect
                0x00000000080094a2       0x78 ../GUI/Lib\libSTemWin.a(WM.o)
                0x00000000080094a2                WM__InvalidateRect
 .text.WM__InvalidateParent
                0x000000000800951a       0x2a ../GUI/Lib\libSTemWin.a(WM.o)
                0x000000000800951a                WM__InvalidateParent
 .text.WM__InvalidateRectEx
                0x0000000008009544        0x6 ../GUI/Lib\libSTemWin.a(WM.o)
                0x0000000008009544                WM__InvalidateRectEx
 .text.WM__DetachWindow
                0x000000000800954a       0x2a ../GUI/Lib\libSTemWin.a(WM.o)
                0x000000000800954a                WM__DetachWindow
 .text.WM_InvalidateRect
                0x0000000008009574       0x78 ../GUI/Lib\libSTemWin.a(WM.o)
                0x0000000008009574                WM_InvalidateRect
 .text.WM_InvalidateWindow
                0x00000000080095ec        0x6 ../GUI/Lib\libSTemWin.a(WM.o)
                0x00000000080095ec                WM_InvalidateWindow
 .text.WM__SelectTopLevelLayer
                0x00000000080095f2       0x14 ../GUI/Lib\libSTemWin.a(WM.o)
                0x00000000080095f2                WM__SelectTopLevelLayer
 *fill*         0x0000000008009606        0x2 
 .text.WM_SelectWindow
                0x0000000008009608       0x40 ../GUI/Lib\libSTemWin.a(WM.o)
                0x0000000008009608                WM_SelectWindow
 .text.WM_CreateWindowAsChild
                0x0000000008009648      0x154 ../GUI/Lib\libSTemWin.a(WM.o)
                0x0000000008009648                WM_CreateWindowAsChild
 .text.WM_DeleteWindow
                0x000000000800979c      0x114 ../GUI/Lib\libSTemWin.a(WM.o)
                0x000000000800979c                WM_DeleteWindow
 .text._Exec1Input
                0x00000000080098b0       0x84 ../GUI/Lib\libSTemWin.a(WM.o)
 .text.WM_GetActiveWindow
                0x0000000008009934        0xc ../GUI/Lib\libSTemWin.a(WM.o)
                0x0000000008009934                WM_GetActiveWindow
 .text.WM__GetNextIVR
                0x0000000008009940      0x184 ../GUI/Lib\libSTemWin.a(WM.o)
                0x0000000008009940                WM__GetNextIVR
 .text.WM__InitIVRSearch
                0x0000000008009ac4       0xfc ../GUI/Lib\libSTemWin.a(WM.o)
                0x0000000008009ac4                WM__InitIVRSearch
 .text.WM_SetDefault
                0x0000000008009bc0       0x14 ../GUI/Lib\libSTemWin.a(WM.o)
                0x0000000008009bc0                WM_SetDefault
 .text.WM__Paint1
                0x0000000008009bd4       0x90 ../GUI/Lib\libSTemWin.a(WM.o)
                0x0000000008009bd4                WM__Paint1
 .text.WM__Paint
                0x0000000008009c64       0xac ../GUI/Lib\libSTemWin.a(WM.o)
                0x0000000008009c64                WM__Paint
 .text._Exec1Draw
                0x0000000008009d10       0x80 ../GUI/Lib\libSTemWin.a(WM.o)
 .text.WM_Exec  0x0000000008009d90       0x78 ../GUI/Lib\libSTemWin.a(WM.o)
                0x0000000008009d90                WM_Exec
 .text.WM_Activate
                0x0000000008009e08       0x10 ../GUI/Lib\libSTemWin.a(WM.o)
                0x0000000008009e08                WM_Activate
 .text.WM_Deactivate
                0x0000000008009e18       0x14 ../GUI/Lib\libSTemWin.a(WM.o)
                0x0000000008009e18                WM_Deactivate
 .text.WM_DefaultProc
                0x0000000008009e2c       0x48 ../GUI/Lib\libSTemWin.a(WM.o)
                0x0000000008009e2c                WM_DefaultProc
 .text._cbBackWin
                0x0000000008009e74       0x68 ../GUI/Lib\libSTemWin.a(WM.o)
 .text.WM_Init  0x0000000008009edc       0xf4 ../GUI/Lib\libSTemWin.a(WM.o)
                0x0000000008009edc                WM_Init
 .text._CreateStaticDevice
                0x0000000008009fd0      0x174 ../GUI/Lib\libSTemWin.a(GUIDEV_StaticDevices.o)
 .text.GUI_MEMDEV_Paint1Static
                0x000000000800a144       0x1c ../GUI/Lib\libSTemWin.a(GUIDEV_StaticDevices.o)
                0x000000000800a144                GUI_MEMDEV_Paint1Static
 .text.GUI_MEMDEV_SetOrg
                0x000000000800a160       0x54 ../GUI/Lib\libSTemWin.a(GUIDEV_SetOrg.o)
                0x000000000800a160                GUI_MEMDEV_SetOrg
 .text.GUI_MEMDEV_GetYSize
                0x000000000800a1b4       0x2c ../GUI/Lib\libSTemWin.a(GUIDEV_GetYSize.o)
                0x000000000800a1b4                GUI_MEMDEV_GetYSize
 .text.GUI_MEMDEV_GetDataPtr
                0x000000000800a1e0       0x1e ../GUI/Lib\libSTemWin.a(GUIDEV_GetDataPtr.o)
                0x000000000800a1e0                GUI_MEMDEV_GetDataPtr
 *fill*         0x000000000800a1fe        0x2 
 .text.GUI_MEMDEV_Draw
                0x000000000800a200      0x150 ../GUI/Lib\libSTemWin.a(GUIDEV_Banding.o)
                0x000000000800a200                GUI_MEMDEV_Draw
 .text._GetDevData
                0x000000000800a350       0x10 ../GUI/Lib\libSTemWin.a(GUIDEV_32.o)
 .text._GetDevFunc
                0x000000000800a360       0x10 ../GUI/Lib\libSTemWin.a(GUIDEV_32.o)
 .text._GetDevProp
                0x000000000800a370        0xa ../GUI/Lib\libSTemWin.a(GUIDEV_32.o)
 .text._SetOrg  0x000000000800a37a        0xc ../GUI/Lib\libSTemWin.a(GUIDEV_32.o)
 .text._GetRect
                0x000000000800a386       0x32 ../GUI/Lib\libSTemWin.a(GUIDEV_32.o)
 .text._XY2PTR  0x000000000800a3b8       0x40 ../GUI/Lib\libSTemWin.a(GUIDEV_32.o)
 .text._GetPixelIndex
                0x000000000800a3f8        0xe ../GUI/Lib\libSTemWin.a(GUIDEV_32.o)
 *fill*         0x000000000800a406        0x2 
 .text._XorPixel
                0x000000000800a408       0x5c ../GUI/Lib\libSTemWin.a(GUIDEV_32.o)
 .text._SetPixelIndex
                0x000000000800a464       0x4c ../GUI/Lib\libSTemWin.a(GUIDEV_32.o)
 .text._DrawVLine
                0x000000000800a4b0       0xbc ../GUI/Lib\libSTemWin.a(GUIDEV_32.o)
 .text._FillRect
                0x000000000800a56c       0xb8 ../GUI/Lib\libSTemWin.a(GUIDEV_32.o)
 .text._DrawHLine
                0x000000000800a624        0xe ../GUI/Lib\libSTemWin.a(GUIDEV_32.o)
 *fill*         0x000000000800a632        0x2 
 .text._DrawBitmap
                0x000000000800a634      0x740 ../GUI/Lib\libSTemWin.a(GUIDEV_32.o)
 .text.GUI_MEMDEV__WriteToActiveAt
                0x000000000800ad74       0x38 ../GUI/Lib\libSTemWin.a(GUIDEV.o)
                0x000000000800ad74                GUI_MEMDEV__WriteToActiveAt
 .text.GUI_MEMDEV__CreateFixed
                0x000000000800adac      0x104 ../GUI/Lib\libSTemWin.a(GUIDEV.o)
                0x000000000800adac                GUI_MEMDEV__CreateFixed
 .text.GUI_MEMDEV_GetBitsPerPixel
                0x000000000800aeb0       0x2a ../GUI/Lib\libSTemWin.a(GUIDEV.o)
                0x000000000800aeb0                GUI_MEMDEV_GetBitsPerPixel
 *fill*         0x000000000800aeda        0x2 
 .text.GUI_MEMDEV_Delete
                0x000000000800aedc       0x44 ../GUI/Lib\libSTemWin.a(GUIDEV.o)
                0x000000000800aedc                GUI_MEMDEV_Delete
 .text.GUI_MEMDEV_CreateEx
                0x000000000800af20       0x78 ../GUI/Lib\libSTemWin.a(GUIDEV.o)
                0x000000000800af20                GUI_MEMDEV_CreateEx
 .text.GUI_MEMDEV_Select
                0x000000000800af98       0x4c ../GUI/Lib\libSTemWin.a(GUIDEV.o)
                0x000000000800af98                GUI_MEMDEV_Select
 .text.GUI_MEMDEV_CopyToLCDAt
                0x000000000800afe4       0xa4 ../GUI/Lib\libSTemWin.a(GUIDEV.o)
                0x000000000800afe4                GUI_MEMDEV_CopyToLCDAt
 .text.GUI_MEMDEV_CopyToLCD
                0x000000000800b088        0xc ../GUI/Lib\libSTemWin.a(GUIDEV.o)
                0x000000000800b088                GUI_MEMDEV_CopyToLCD
 .text._SetPhysRAMAddr
                0x000000000800b094       0xa2 ../GUI/Lib\libSTemWin.a(GUIDRV_FlexColor_Func66709.o)
 .text._SetRect
                0x000000000800b136       0xa6 ../GUI/Lib\libSTemWin.a(GUIDRV_FlexColor_Func66709.o)
 .text._SetOrientation
                0x000000000800b1dc       0x3c ../GUI/Lib\libSTemWin.a(GUIDRV_FlexColor_Func66709.o)
 .text._ReadPixel_16bpp_B8
                0x000000000800b218       0x38 ../GUI/Lib\libSTemWin.a(GUIDRV_FlexColor_Func66709.o)
 .text._ReadPixel_16bpp_B16_I
                0x000000000800b250       0x3e ../GUI/Lib\libSTemWin.a(GUIDRV_FlexColor_Func66709.o)
 .text._SetReg_B8
                0x000000000800b28e       0x18 ../GUI/Lib\libSTemWin.a(GUIDRV_FlexColor_Func66709.o)
 .text._SetReg_B16
                0x000000000800b2a6        0xc ../GUI/Lib\libSTemWin.a(GUIDRV_FlexColor_Func66709.o)
 .text._WritePara_B8
                0x000000000800b2b2        0xc ../GUI/Lib\libSTemWin.a(GUIDRV_FlexColor_Func66709.o)
 .text._WritePara_B16
                0x000000000800b2be        0xc ../GUI/Lib\libSTemWin.a(GUIDRV_FlexColor_Func66709.o)
 *fill*         0x000000000800b2ca        0x2 
 .text._SetInterface
                0x000000000800b2cc       0x34 ../GUI/Lib\libSTemWin.a(GUIDRV_FlexColor_Func66709.o)
 .text._ReadRect_16bpp_B8
                0x000000000800b300       0x60 ../GUI/Lib\libSTemWin.a(GUIDRV_FlexColor_Func66709.o)
 .text._ReadRect_16bpp_B16_I
                0x000000000800b360       0x62 ../GUI/Lib\libSTemWin.a(GUIDRV_FlexColor_Func66709.o)
 *fill*         0x000000000800b3c2        0x2 
 .text.GUIDRV_FlexColor_SetFunc66709
                0x000000000800b3c4       0x74 ../GUI/Lib\libSTemWin.a(GUIDRV_FlexColor_Func66709.o)
                0x000000000800b3c4                GUIDRV_FlexColor_SetFunc66709
 .text._WriteU16_A1
                0x000000000800b438       0x18 ../GUI/Lib\libSTemWin.a(GUIDRV_FlexColor_16bpp_C0B8.o)
 .text._WriteDataMP
                0x000000000800b450       0x46 ../GUI/Lib\libSTemWin.a(GUIDRV_FlexColor_16bpp_C0B8.o)
 .text._ReadData
                0x000000000800b496        0xa ../GUI/Lib\libSTemWin.a(GUIDRV_FlexColor_16bpp_C0B8.o)
 .text._WriteData
                0x000000000800b4a0        0x6 ../GUI/Lib\libSTemWin.a(GUIDRV_FlexColor_16bpp_C0B8.o)
 *fill*         0x000000000800b4a6        0x2 
 .text._FillRect
                0x000000000800b4a8      0x10c ../GUI/Lib\libSTemWin.a(GUIDRV_FlexColor_16bpp_C0B8.o)
 .text._DrawBitmap
                0x000000000800b5b4      0x514 ../GUI/Lib\libSTemWin.a(GUIDRV_FlexColor_16bpp_C0B8.o)
 .text.GUIDRV_FlexColor_SetMode16bppC0B8
                0x000000000800bac8       0x68 ../GUI/Lib\libSTemWin.a(GUIDRV_FlexColor_16bpp_C0B8.o)
                0x000000000800bac8                GUIDRV_FlexColor_SetMode16bppC0B8
 .text._Log2PhysX_X0Y0S0
                0x000000000800bb30        0x4 ../GUI/Lib\libSTemWin.a(GUIDRV_FlexColor.o)
 .text._Log2PhysX_X1Y0S0
                0x000000000800bb34        0x8 ../GUI/Lib\libSTemWin.a(GUIDRV_FlexColor.o)
 .text._Log2PhysX_X0Y1S0
                0x000000000800bb3c        0x4 ../GUI/Lib\libSTemWin.a(GUIDRV_FlexColor.o)
 .text._Log2PhysX_X1Y1S0
                0x000000000800bb40        0x8 ../GUI/Lib\libSTemWin.a(GUIDRV_FlexColor.o)
 .text._Log2PhysX_X0Y0S1
                0x000000000800bb48        0x4 ../GUI/Lib\libSTemWin.a(GUIDRV_FlexColor.o)
 .text._Log2PhysX_X1Y0S1
                0x000000000800bb4c        0x8 ../GUI/Lib\libSTemWin.a(GUIDRV_FlexColor.o)
 .text._Log2PhysX_X0Y1S1
                0x000000000800bb54        0x4 ../GUI/Lib\libSTemWin.a(GUIDRV_FlexColor.o)
 .text._Log2PhysX_X1Y1S1
                0x000000000800bb58        0x8 ../GUI/Lib\libSTemWin.a(GUIDRV_FlexColor.o)
 .text._Log2PhysY_X0Y0S0
                0x000000000800bb60        0x4 ../GUI/Lib\libSTemWin.a(GUIDRV_FlexColor.o)
 .text._Log2PhysY_X1Y0S0
                0x000000000800bb64        0x4 ../GUI/Lib\libSTemWin.a(GUIDRV_FlexColor.o)
 .text._Log2PhysY_X0Y1S0
                0x000000000800bb68        0x8 ../GUI/Lib\libSTemWin.a(GUIDRV_FlexColor.o)
 .text._Log2PhysY_X1Y1S0
                0x000000000800bb70        0x8 ../GUI/Lib\libSTemWin.a(GUIDRV_FlexColor.o)
 .text._Log2PhysY_X0Y0S1
                0x000000000800bb78        0x4 ../GUI/Lib\libSTemWin.a(GUIDRV_FlexColor.o)
 .text._Log2PhysY_X1Y0S1
                0x000000000800bb7c        0x4 ../GUI/Lib\libSTemWin.a(GUIDRV_FlexColor.o)
 .text._Log2PhysY_X0Y1S1
                0x000000000800bb80        0x8 ../GUI/Lib\libSTemWin.a(GUIDRV_FlexColor.o)
 .text._Log2PhysY_X1Y1S1
                0x000000000800bb88        0x8 ../GUI/Lib\libSTemWin.a(GUIDRV_FlexColor.o)
 .text._SetPixelIndex
                0x000000000800bb90        0xc ../GUI/Lib\libSTemWin.a(GUIDRV_FlexColor.o)
 .text._GetPixelIndex
                0x000000000800bb9c        0xc ../GUI/Lib\libSTemWin.a(GUIDRV_FlexColor.o)
 .text._XorPixel
                0x000000000800bba8       0x28 ../GUI/Lib\libSTemWin.a(GUIDRV_FlexColor.o)
 .text._DrawHLine
                0x000000000800bbd0       0x10 ../GUI/Lib\libSTemWin.a(GUIDRV_FlexColor.o)
 .text._DrawVLine
                0x000000000800bbe0       0x12 ../GUI/Lib\libSTemWin.a(GUIDRV_FlexColor.o)
 .text._FillRect
                0x000000000800bbf2       0x12 ../GUI/Lib\libSTemWin.a(GUIDRV_FlexColor.o)
 .text._DrawBitmap
                0x000000000800bc04       0x28 ../GUI/Lib\libSTemWin.a(GUIDRV_FlexColor.o)
 .text._GetDevFunc_SetRect
                0x000000000800bc2c        0x2 ../GUI/Lib\libSTemWin.a(GUIDRV_FlexColor.o)
 *fill*         0x000000000800bc2e        0x2 
 .text._GetDevFunc_SetRectOutside
                0x000000000800bc30       0x40 ../GUI/Lib\libSTemWin.a(GUIDRV_FlexColor.o)
 .text._ReadPixelCust_16bpp
                0x000000000800bc70        0xe ../GUI/Lib\libSTemWin.a(GUIDRV_FlexColor.o)
 .text._ReadPixelCust_18bpp
                0x000000000800bc7e        0xe ../GUI/Lib\libSTemWin.a(GUIDRV_FlexColor.o)
 .text._ReadRectCust_16bpp
                0x000000000800bc8c       0x36 ../GUI/Lib\libSTemWin.a(GUIDRV_FlexColor.o)
 .text._ReadRectCust_18bpp
                0x000000000800bcc2       0x36 ../GUI/Lib\libSTemWin.a(GUIDRV_FlexColor.o)
 .text._GetDevFunc
                0x000000000800bcf8       0x7c ../GUI/Lib\libSTemWin.a(GUIDRV_FlexColor.o)
 .text._GetDevProp
                0x000000000800bd74       0x5a ../GUI/Lib\libSTemWin.a(GUIDRV_FlexColor.o)
 .text._GetDevData
                0x000000000800bdce        0xc ../GUI/Lib\libSTemWin.a(GUIDRV_FlexColor.o)
 .text._GetRect
                0x000000000800bdda       0x16 ../GUI/Lib\libSTemWin.a(GUIDRV_FlexColor.o)
 .text.GUIDRV_FlexColor__SetLog2Phys
                0x000000000800bdf0       0x48 ../GUI/Lib\libSTemWin.a(GUIDRV_FlexColor.o)
                0x000000000800bdf0                GUIDRV_FlexColor__SetLog2Phys
 .text._SetOrg  0x000000000800be38       0x16 ../GUI/Lib\libSTemWin.a(GUIDRV_FlexColor.o)
 .text.GUIDRV_FlexColor__SetPixelIndexNoCache
                0x000000000800be4e       0x90 ../GUI/Lib\libSTemWin.a(GUIDRV_FlexColor.o)
                0x000000000800be4e                GUIDRV_FlexColor__SetPixelIndexNoCache
 .text.GUIDRV_FlexColor__GetPixelIndexNoCache
                0x000000000800bede       0xb2 ../GUI/Lib\libSTemWin.a(GUIDRV_FlexColor.o)
                0x000000000800bede                GUIDRV_FlexColor__GetPixelIndexNoCache
 .text.GUIDRV_FlexColor__InitOnce
                0x000000000800bf90       0x3c ../GUI/Lib\libSTemWin.a(GUIDRV_FlexColor.o)
                0x000000000800bf90                GUIDRV_FlexColor__InitOnce
 .text._SetDevFunc
                0x000000000800bfcc       0x9c ../GUI/Lib\libSTemWin.a(GUIDRV_FlexColor.o)
 .text._GetDevFunc_Init
                0x000000000800c068       0x4a ../GUI/Lib\libSTemWin.a(GUIDRV_FlexColor.o)
 .text._GetDevFunc_SetSize
                0x000000000800c0b2       0x14 ../GUI/Lib\libSTemWin.a(GUIDRV_FlexColor.o)
 .text._GetDevFunc_SetVSize
                0x000000000800c0c6       0x14 ../GUI/Lib\libSTemWin.a(GUIDRV_FlexColor.o)
 .text._GetDevFunc_Off
                0x000000000800c0da       0x16 ../GUI/Lib\libSTemWin.a(GUIDRV_FlexColor.o)
 .text._GetDevFunc_On
                0x000000000800c0f0       0x16 ../GUI/Lib\libSTemWin.a(GUIDRV_FlexColor.o)
 .text.GUIDRV_FlexColor_Config
                0x000000000800c106       0x3c ../GUI/Lib\libSTemWin.a(GUIDRV_FlexColor.o)
                0x000000000800c106                GUIDRV_FlexColor_Config
 .text.GUIDRV_FlexColor_SetFunc
                0x000000000800c142       0x32 ../GUI/Lib\libSTemWin.a(GUIDRV_FlexColor.o)
                0x000000000800c142                GUIDRV_FlexColor_SetFunc
 .text.LCD_UpdateColorIndices
                0x000000000800c174       0x24 ../GUI/Lib\libSTemWin.a(LCD_UpdateColorIndices.o)
                0x000000000800c174                LCD_UpdateColorIndices
 .text.LCD_SetClipRectEx
                0x000000000800c198       0x30 ../GUI/Lib\libSTemWin.a(LCD_SetClipRectEx.o)
                0x000000000800c198                LCD_SetClipRectEx
 .text.LCD_SetVSizeEx
                0x000000000800c1c8       0x30 ../GUI/Lib\libSTemWin.a(LCD_Set.o)
                0x000000000800c1c8                LCD_SetVSizeEx
 .text.LCD_SetSizeEx
                0x000000000800c1f8       0x30 ../GUI/Lib\libSTemWin.a(LCD_Set.o)
                0x000000000800c1f8                LCD_SetSizeEx
 .text.LCD_SetLUTEntryEx
                0x000000000800c228       0x30 ../GUI/Lib\libSTemWin.a(LCD_Set.o)
                0x000000000800c228                LCD_SetLUTEntryEx
 .text._GetDevProp
                0x000000000800c258       0x1e ../GUI/Lib\libSTemWin.a(LCD_GetEx.o)
 .text._GetMaxValue
                0x000000000800c276       0x22 ../GUI/Lib\libSTemWin.a(LCD_GetEx.o)
 .text.LCD_GetXSizeEx
                0x000000000800c298        0x6 ../GUI/Lib\libSTemWin.a(LCD_GetEx.o)
                0x000000000800c298                LCD_GetXSizeEx
 .text.LCD_GetYSizeEx
                0x000000000800c29e        0x6 ../GUI/Lib\libSTemWin.a(LCD_GetEx.o)
                0x000000000800c29e                LCD_GetYSizeEx
 .text.LCD_GetVXSizeEx
                0x000000000800c2a4        0x6 ../GUI/Lib\libSTemWin.a(LCD_GetEx.o)
                0x000000000800c2a4                LCD_GetVXSizeEx
 .text.LCD_GetVYSizeEx
                0x000000000800c2aa        0x6 ../GUI/Lib\libSTemWin.a(LCD_GetEx.o)
                0x000000000800c2aa                LCD_GetVYSizeEx
 .text.LCD_GetBitsPerPixelEx
                0x000000000800c2b0        0x6 ../GUI/Lib\libSTemWin.a(LCD_GetEx.o)
                0x000000000800c2b0                LCD_GetBitsPerPixelEx
 .text.LCD_GetNumColorsEx
                0x000000000800c2b6        0x6 ../GUI/Lib\libSTemWin.a(LCD_GetEx.o)
                0x000000000800c2b6                LCD_GetNumColorsEx
 .text.LCD_GetXSize
                0x000000000800c2bc       0x10 ../GUI/Lib\libSTemWin.a(LCD_GetEx.o)
                0x000000000800c2bc                LCD_GetXSize
 .text.LCD_GetYSize
                0x000000000800c2cc       0x10 ../GUI/Lib\libSTemWin.a(LCD_GetEx.o)
                0x000000000800c2cc                LCD_GetYSize
 .text.LCD_GetNumColors
                0x000000000800c2dc       0x10 ../GUI/Lib\libSTemWin.a(LCD_GetEx.o)
                0x000000000800c2dc                LCD_GetNumColors
 .text.GUI_GetBitsPerPixelEx
                0x000000000800c2ec       0x18 ../GUI/Lib\libSTemWin.a(LCD_GetEx.o)
                0x000000000800c2ec                GUI_GetBitsPerPixelEx
 .text.LCD_GetPaletteEx
                0x000000000800c304       0x14 ../GUI/Lib\libSTemWin.a(LCD_GetEx.o)
                0x000000000800c304                LCD_GetPaletteEx
 .text.LCD_GetPalette
                0x000000000800c318       0x10 ../GUI/Lib\libSTemWin.a(LCD_GetEx.o)
                0x000000000800c318                LCD_GetPalette
 .text.GUI_GetpfIndex2ColorEx
                0x000000000800c328       0x10 ../GUI/Lib\libSTemWin.a(LCD_GetEx.o)
                0x000000000800c328                GUI_GetpfIndex2ColorEx
 .text.LCD_GetpfColor2IndexEx
                0x000000000800c338        0xe ../GUI/Lib\libSTemWin.a(LCD_GetEx.o)
                0x000000000800c338                LCD_GetpfColor2IndexEx
 *fill*         0x000000000800c346        0x2 
 .text.GUI_GetpfColor2IndexEx
                0x000000000800c348       0x10 ../GUI/Lib\libSTemWin.a(LCD_GetEx.o)
                0x000000000800c348                GUI_GetpfColor2IndexEx
 .text.LCD_GetXSizeMax
                0x000000000800c358        0x6 ../GUI/Lib\libSTemWin.a(LCD_GetEx.o)
                0x000000000800c358                LCD_GetXSizeMax
 .text.LCD_GetYSizeMax
                0x000000000800c35e        0x6 ../GUI/Lib\libSTemWin.a(LCD_GetEx.o)
                0x000000000800c35e                LCD_GetYSizeMax
 .text.LCD_GetVXSizeMax
                0x000000000800c364        0x6 ../GUI/Lib\libSTemWin.a(LCD_GetEx.o)
                0x000000000800c364                LCD_GetVXSizeMax
 *fill*         0x000000000800c36a        0x2 
 .text.LCD_SetDisplaySize
                0x000000000800c36c       0x14 ../GUI/Lib\libSTemWin.a(LCD_GetEx.o)
                0x000000000800c36c                LCD_SetDisplaySize
 .text.LCD_GetXSizeDisplay
                0x000000000800c380        0xc ../GUI/Lib\libSTemWin.a(LCD_GetEx.o)
                0x000000000800c380                LCD_GetXSizeDisplay
 .text.LCD_GetYSizeDisplay
                0x000000000800c38c        0xc ../GUI/Lib\libSTemWin.a(LCD_GetEx.o)
                0x000000000800c38c                LCD_GetYSizeDisplay
 .text.LCD__GetBPP
                0x000000000800c398       0x7e ../GUI/Lib\libSTemWin.a(LCD_GetEx.o)
                0x000000000800c398                LCD__GetBPP
 .text.LCD__GetBPPDevice
                0x000000000800c416       0x2c ../GUI/Lib\libSTemWin.a(LCD_GetEx.o)
                0x000000000800c416                LCD__GetBPPDevice
 *fill*         0x000000000800c442        0x2 
 .text._SetDrawMode
                0x000000000800c444       0x28 ../GUI/Lib\libSTemWin.a(LCD.o)
 .text.LCD_SetDrawMode
                0x000000000800c46c       0x10 ../GUI/Lib\libSTemWin.a(LCD.o)
                0x000000000800c46c                LCD_SetDrawMode
 .text.LCD_DrawPixel
                0x000000000800c47c       0x5c ../GUI/Lib\libSTemWin.a(LCD.o)
                0x000000000800c47c                LCD_DrawPixel
 .text.LCD_DrawHLine
                0x000000000800c4d8       0x4c ../GUI/Lib\libSTemWin.a(LCD.o)
                0x000000000800c4d8                LCD_DrawHLine
 .text.LCD_DrawVLine
                0x000000000800c524       0x4c ../GUI/Lib\libSTemWin.a(LCD.o)
                0x000000000800c524                LCD_DrawVLine
 .text.LCD_FillRect
                0x000000000800c570       0x58 ../GUI/Lib\libSTemWin.a(LCD.o)
                0x000000000800c570                LCD_FillRect
 .text.LCD__DrawBitmap_1bpp
                0x000000000800c5c8      0x1b8 ../GUI/Lib\libSTemWin.a(LCD.o)
                0x000000000800c5c8                LCD__DrawBitmap_1bpp
 .text.LCD_DrawBitmap
                0x000000000800c780      0x218 ../GUI/Lib\libSTemWin.a(LCD.o)
                0x000000000800c780                LCD_DrawBitmap
 .text.LCD_SetClipRectMax
                0x000000000800c998       0x20 ../GUI/Lib\libSTemWin.a(LCD.o)
                0x000000000800c998                LCD_SetClipRectMax
 .text.emWin_LCD_Init
                0x000000000800c9b8       0xa8 ../GUI/Lib\libSTemWin.a(LCD.o)
                0x000000000800c9b8                emWin_LCD_Init
 .text.LCD_Color2Index
                0x000000000800ca60       0x20 ../GUI/Lib\libSTemWin.a(LCD.o)
                0x000000000800ca60                LCD_Color2Index
 .text.LCD_Index2Color
                0x000000000800ca80       0x20 ../GUI/Lib\libSTemWin.a(LCD.o)
                0x000000000800ca80                LCD_Index2Color
 .text.LCD_SetColorIndex
                0x000000000800caa0       0x18 ../GUI/Lib\libSTemWin.a(LCD.o)
                0x000000000800caa0                LCD_SetColorIndex
 .text._SetColor
                0x000000000800cab8       0x20 ../GUI/Lib\libSTemWin.a(LCD.o)
 .text.LCD_SetBkColorIndex
                0x000000000800cad8       0x18 ../GUI/Lib\libSTemWin.a(LCD.o)
                0x000000000800cad8                LCD_SetBkColorIndex
 .text._SetBkColor
                0x000000000800caf0       0x20 ../GUI/Lib\libSTemWin.a(LCD.o)
 .text.LCD_SetBkColor
                0x000000000800cb10       0x10 ../GUI/Lib\libSTemWin.a(LCD.o)
                0x000000000800cb10                LCD_SetBkColor
 .text.LCD_SetColor
                0x000000000800cb20       0x10 ../GUI/Lib\libSTemWin.a(LCD.o)
                0x000000000800cb20                LCD_SetColor
 .text.GUI__HandleEOLine
                0x000000000800cb30       0x28 ../GUI/Lib\libSTemWin.a(GUI__Private.o)
                0x000000000800cb30                GUI__HandleEOLine
 .text.GUI__IntersectRect
                0x000000000800cb58       0x3c ../GUI/Lib\libSTemWin.a(GUI__Private.o)
                0x000000000800cb58                GUI__IntersectRect
 .text.GUI__IntersectRects
                0x000000000800cb94       0x64 ../GUI/Lib\libSTemWin.a(GUI__Private.o)
                0x000000000800cb94                GUI__IntersectRects
 .text.GUI__memset16
                0x000000000800cbf8       0x5c ../GUI/Lib\libSTemWin.a(GUI__Private.o)
                0x000000000800cbf8                GUI__memset16
 .text.GUI__Read16
                0x000000000800cc54       0x10 ../GUI/Lib\libSTemWin.a(GUI__Private.o)
                0x000000000800cc54                GUI__Read16
 .text.GUI__Read32
                0x000000000800cc64       0x1e ../GUI/Lib\libSTemWin.a(GUI__Private.o)
                0x000000000800cc64                GUI__Read32
 .text.GUI__ReduceRect
                0x000000000800cc82       0x1c ../GUI/Lib\libSTemWin.a(GUI__Private.o)
                0x000000000800cc82                GUI__ReduceRect
 .text.GUI__sqrt32
                0x000000000800cc9e       0x26 ../GUI/Lib\libSTemWin.a(GUI__Private.o)
                0x000000000800cc9e                GUI__sqrt32
 .text.GUI__strcmp
                0x000000000800ccc4       0x2c ../GUI/Lib\libSTemWin.a(GUI__Private.o)
                0x000000000800ccc4                GUI__strcmp
 .text.GUI__strcmp_hp
                0x000000000800ccf0       0x28 ../GUI/Lib\libSTemWin.a(GUI__Private.o)
                0x000000000800ccf0                GUI__strcmp_hp
 .text.GUI__strlen
                0x000000000800cd18       0x12 ../GUI/Lib\libSTemWin.a(GUI__Private.o)
                0x000000000800cd18                GUI__strlen
 *fill*         0x000000000800cd2a        0x2 
 .text.GUI__SetText
                0x000000000800cd2c       0x7c ../GUI/Lib\libSTemWin.a(GUI__Private.o)
                0x000000000800cd2c                GUI__SetText
 .text.GUI__ManageCacheEx
                0x000000000800cda8       0xe8 ../GUI/Lib\libSTemWin.a(GUI__ManageCache.o)
                0x000000000800cda8                GUI__ManageCacheEx
 .text.GUI__ManageCache
                0x000000000800ce90       0x10 ../GUI/Lib\libSTemWin.a(GUI__ManageCache.o)
                0x000000000800ce90                GUI__ManageCache
 .text.GUI__MixColors
                0x000000000800cea0       0x5a ../GUI/Lib\libSTemWin.a(GUI__Alpha.o)
                0x000000000800cea0                GUI__MixColors
 *fill*         0x000000000800cefa        0x2 
 .text._OnExit  0x000000000800cefc       0x40 ../GUI/Lib\libSTemWin.a(GUI__Alpha.o)
 .text.GUI__GetAlphaBuffer
                0x000000000800cf3c       0xc8 ../GUI/Lib\libSTemWin.a(GUI__Alpha.o)
                0x000000000800cf3c                GUI__GetAlphaBuffer
 .text.GUI__DoAlphaBlending
                0x000000000800d004      0x1d4 ../GUI/Lib\libSTemWin.a(GUI__Alpha.o)
                0x000000000800d004                GUI__DoAlphaBlending
 .text.GUI__AllocAlphaBuffer
                0x000000000800d1d8       0x1a ../GUI/Lib\libSTemWin.a(GUI__Alpha.o)
                0x000000000800d1d8                GUI__AllocAlphaBuffer
 *fill*         0x000000000800d1f2        0x2 
 .text.GUI_SignalEvent
                0x000000000800d1f4       0x10 ../GUI/Lib\libSTemWin.a(GUI_WaitEvent.o)
                0x000000000800d1f4                GUI_SignalEvent
 .text.GUI_UC__GetCharCodeInc
                0x000000000800d204       0x28 ../GUI/Lib\libSTemWin.a(GUI_UC.o)
                0x000000000800d204                GUI_UC__GetCharCodeInc
 .text.GUI_UC__NumChars2NumBytes
                0x000000000800d22c       0x24 ../GUI/Lib\libSTemWin.a(GUI_UC.o)
                0x000000000800d22c                GUI_UC__NumChars2NumBytes
 .text._Unlink  0x000000000800d250       0x4c ../GUI/Lib\libSTemWin.a(GUI_Timer.o)
 .text.GUI_TIMER__GetFirstTimer
                0x000000000800d29c       0x30 ../GUI/Lib\libSTemWin.a(GUI_Timer.o)
                0x000000000800d29c                GUI_TIMER__GetFirstTimer
 .text.GUI_TIMER__GetNextTimerLin
                0x000000000800d2cc       0x38 ../GUI/Lib\libSTemWin.a(GUI_Timer.o)
                0x000000000800d2cc                GUI_TIMER__GetNextTimerLin
 .text.GUI_TIMER_Delete
                0x000000000800d304       0x68 ../GUI/Lib\libSTemWin.a(GUI_Timer.o)
                0x000000000800d304                GUI_TIMER_Delete
 .text.GUI_TIMER_GetFlag
                0x000000000800d36c       0x2a ../GUI/Lib\libSTemWin.a(GUI_Timer.o)
                0x000000000800d36c                GUI_TIMER_GetFlag
 *fill*         0x000000000800d396        0x2 
 .text.GUI__AlphaPreserveTrans
                0x000000000800d398       0x24 ../GUI/Lib\libSTemWin.a(GUI_SetAlpha.o)
                0x000000000800d398                GUI__AlphaPreserveTrans
 .text.GUI_SelectLayer
                0x000000000800d3bc       0x2c ../GUI/Lib\libSTemWin.a(GUI_SelectLayer.o)
                0x000000000800d3bc                GUI_SelectLayer
 .text.GUI_StoreKey
                0x000000000800d3e8       0x10 ../GUI/Lib\libSTemWin.a(GUI_OnKey.o)
                0x000000000800d3e8                GUI_StoreKey
 .text.GUI_PollKeyMsg
                0x000000000800d3f8       0x38 ../GUI/Lib\libSTemWin.a(GUI_OnKey.o)
                0x000000000800d3f8                GUI_PollKeyMsg
 .text.GUI__DispStringInRect
                0x000000000800d430      0x14c ../GUI/Lib\libSTemWin.a(GUI_DispString.o)
                0x000000000800d430                GUI__DispStringInRect
 .text.GUI_DispStringInRectMax
                0x000000000800d57c       0x46 ../GUI/Lib\libSTemWin.a(GUI_DispString.o)
                0x000000000800d57c                GUI_DispStringInRectMax
 .text.GUI_DispStringInRect
                0x000000000800d5c2        0x8 ../GUI/Lib\libSTemWin.a(GUI_DispString.o)
                0x000000000800d5c2                GUI_DispStringInRect
 .text.GUI_WrapGetNumLines
                0x000000000800d5ca       0x20 ../GUI/Lib\libSTemWin.a(GUI_DispString.o)
                0x000000000800d5ca                GUI_WrapGetNumLines
 .text.GUI_DispStringInRectWrap
                0x000000000800d5ea      0x13e ../GUI/Lib\libSTemWin.a(GUI_DispString.o)
                0x000000000800d5ea                GUI_DispStringInRectWrap
 .text.GUI_DEVICE__GetpDriver
                0x000000000800d728       0x20 ../GUI/Lib\libSTemWin.a(GUI_Device.o)
                0x000000000800d728                GUI_DEVICE__GetpDriver
 .text.GUI_DEVICE_Delete
                0x000000000800d748        0x4 ../GUI/Lib\libSTemWin.a(GUI_Device.o)
                0x000000000800d748                GUI_DEVICE_Delete
 .text.GUI_DEVICE_Create
                0x000000000800d74c       0x4c ../GUI/Lib\libSTemWin.a(GUI_Device.o)
                0x000000000800d74c                GUI_DEVICE_Create
 .text.GUI_DEVICE_Unlink
                0x000000000800d798       0x34 ../GUI/Lib\libSTemWin.a(GUI_Device.o)
                0x000000000800d798                GUI_DEVICE_Unlink
 .text.GUI_DEVICE_Link
                0x000000000800d7cc       0x84 ../GUI/Lib\libSTemWin.a(GUI_Device.o)
                0x000000000800d7cc                GUI_DEVICE_Link
 .text.GUI_DEVICE_CreateAndLink
                0x000000000800d850       0x28 ../GUI/Lib\libSTemWin.a(GUI_Device.o)
                0x000000000800d850                GUI_DEVICE_CreateAndLink
 .text._OnExit  0x000000000800d878       0x4c ../GUI/Lib\libSTemWin.a(GUI_Core.o)
 .text._InitContext
                0x000000000800d8c4       0x88 ../GUI/Lib\libSTemWin.a(GUI_Core.o)
 .text.GUI_SetDefaultFont
                0x000000000800d94c        0xc ../GUI/Lib\libSTemWin.a(GUI_Core.o)
                0x000000000800d94c                GUI_SetDefaultFont
 .text.GUI_ClearRect
                0x000000000800d958       0x64 ../GUI/Lib\libSTemWin.a(GUI_Core.o)
                0x000000000800d958                GUI_ClearRect
 .text.GUI_Clear
                0x000000000800d9bc       0x20 ../GUI/Lib\libSTemWin.a(GUI_Core.o)
                0x000000000800d9bc                GUI_Clear
 .text.GUI__RegisterExit
                0x000000000800d9dc       0x24 ../GUI/Lib\libSTemWin.a(GUI_Core.o)
                0x000000000800d9dc                GUI__RegisterExit
 .text.GUI__Config
                0x000000000800da00       0x30 ../GUI/Lib\libSTemWin.a(GUI_Core.o)
                0x000000000800da00                GUI__Config
 .text.GUI_Init
                0x000000000800da30       0xc4 ../GUI/Lib\libSTemWin.a(GUI_Core.o)
                0x000000000800da30                GUI_Init
 .text.GUI_CalcColorDist
                0x000000000800daf4       0x50 ../GUI/Lib\libSTemWin.a(GUI_Common.o)
                0x000000000800daf4                GUI_CalcColorDist
 .text.GUI_GetClientRect
                0x000000000800db44        0x8 ../GUI/Lib\libSTemWin.a(GUI_Common.o)
                0x000000000800db44                GUI_GetClientRect
 .text.GUI_GetBkColor
                0x000000000800db4c        0xe ../GUI/Lib\libSTemWin.a(GUI_Common.o)
                0x000000000800db4c                GUI_GetBkColor
 .text.GUI_GetColor
                0x000000000800db5a        0xe ../GUI/Lib\libSTemWin.a(GUI_Common.o)
                0x000000000800db5a                GUI_GetColor
 .text.GUI_GetOrg
                0x000000000800db68       0x1c ../GUI/Lib\libSTemWin.a(GUI_Common.o)
                0x000000000800db68                GUI_GetOrg
 .text.GUI_GetYSizeOfFont
                0x000000000800db84        0x8 ../GUI/Lib\libSTemWin.a(GUI_Common.o)
                0x000000000800db84                GUI_GetYSizeOfFont
 .text.GUI_MergeRect
                0x000000000800db8c       0x56 ../GUI/Lib\libSTemWin.a(GUI_Common.o)
                0x000000000800db8c                GUI_MergeRect
 .text.GUI_MoveRect
                0x000000000800dbe2       0x20 ../GUI/Lib\libSTemWin.a(GUI_Common.o)
                0x000000000800dbe2                GUI_MoveRect
 *fill*         0x000000000800dc02        0x2 
 .text.GUI_Exec1
                0x000000000800dc04       0x40 ../GUI/Lib\libSTemWin.a(GUI_Common.o)
                0x000000000800dc04                GUI_Exec1
 .text.GUI_Exec
                0x000000000800dc44       0x12 ../GUI/Lib\libSTemWin.a(GUI_Common.o)
                0x000000000800dc44                GUI_Exec
 *fill*         0x000000000800dc56        0x2 
 .text.GUI_GotoXY
                0x000000000800dc58       0x10 ../GUI/Lib\libSTemWin.a(GUI_Common.o)
                0x000000000800dc58                GUI_GotoXY
 .text.GUI_SetPenSize
                0x000000000800dc68       0x10 ../GUI/Lib\libSTemWin.a(GUI_Common.o)
                0x000000000800dc68                GUI_SetPenSize
 .text.GUI_RectsIntersect
                0x000000000800dc78       0x3a ../GUI/Lib\libSTemWin.a(GUI_Common.o)
                0x000000000800dc78                GUI_RectsIntersect
 *fill*         0x000000000800dcb2        0x2 
 .text.GUI_SaveContext_W
                0x000000000800dcb4       0x14 ../GUI/Lib\libSTemWin.a(GUI_Common.o)
                0x000000000800dcb4                GUI_SaveContext_W
 .text.GUI_RestoreContext
                0x000000000800dcc8       0x14 ../GUI/Lib\libSTemWin.a(GUI_Common.o)
                0x000000000800dcc8                GUI_RestoreContext
 .text.GUI_SelectLCD
                0x000000000800dcdc       0x12 ../GUI/Lib\libSTemWin.a(GUI_Common.o)
                0x000000000800dcdc                GUI_SelectLCD
 .text.GUI_SetBkColor
                0x000000000800dcee        0x4 ../GUI/Lib\libSTemWin.a(GUI_Common.o)
                0x000000000800dcee                GUI_SetBkColor
 .text.GUI_SetColor
                0x000000000800dcf2        0x4 ../GUI/Lib\libSTemWin.a(GUI_Common.o)
                0x000000000800dcf2                GUI_SetColor
 .text.GUI_SetDrawMode
                0x000000000800dcf6        0x4 ../GUI/Lib\libSTemWin.a(GUI_Common.o)
                0x000000000800dcf6                GUI_SetDrawMode
 *fill*         0x000000000800dcfa        0x2 
 .text.GUI_SetFont
                0x000000000800dcfc       0x14 ../GUI/Lib\libSTemWin.a(GUI_Common.o)
                0x000000000800dcfc                GUI_SetFont
 .text.GUI_SetLineStyle