../Core/Src/rc522.c:7:9:SPI1SendByte	32	static
../Core/Src/rc522.c:16:6:SPI1_WriteReg	16	static
../Core/Src/rc522.c:23:9:SPI1_ReadReg	24	static
../Core/Src/rc522.c:33:6:MFRC522_WriteRegister	16	static
../Core/Src/rc522.c:38:9:MFRC522_ReadRegister	24	static
../Core/Src/rc522.c:46:9:MFRC522_Check	24	static
../Core/Src/rc522.c:54:9:MFRC522_Compare	24	static
../Core/Src/rc522.c:62:6:MFRC522_SetBitMask	16	static
../Core/Src/rc522.c:66:6:MFRC522_ClearBitMask	16	static
../Core/Src/rc522.c:70:9:MFRC522_Request	32	static
../Core/Src/rc522.c:81:9:MFRC522_ToCard	40	static
../Core/Src/rc522.c:144:9:MFRC522_Anticoll	32	static
../Core/Src/rc522.c:162:6:MFRC522_CalculateCRC	40	static
../Core/Src/rc522.c:185:9:MFRC522_SelectTag	40	static
../Core/Src/rc522.c:201:9:MFRC522_Auth	48	static
../Core/Src/rc522.c:217:9:MFRC522_Read	32	static
../Core/Src/rc522.c:229:9:MFRC522_Write	48	static
../Core/Src/rc522.c:250:6:MFRC522_Init	8	static
../Core/Src/rc522.c:262:6:MFRC522_Reset	8	static
../Core/Src/rc522.c:266:6:MFRC522_AntennaOn	16	static
../Core/Src/rc522.c:273:6:MFRC522_AntennaOff	8	static
../Core/Src/rc522.c:277:6:MFRC522_Halt	24	static
